Archive member included because of file (symbol)

e:/imt/sdk/imt_sdk_win_64/winavr/bin/../lib/gcc/avr/4.3.3/avr5\libgcc.a(_exit.o)
                              e:/imt/sdk/imt_sdk_win_64/winavr/bin/../lib/gcc/avr/4.3.3/../../../../avr/lib/avr5/crtm32.o (exit)
e:/imt/sdk/imt_sdk_win_64/winavr/bin/../lib/gcc/avr/4.3.3/avr5\libgcc.a(_copy_data.o)
                              ./UserTasks.o (__do_copy_data)
e:/imt/sdk/imt_sdk_win_64/winavr/bin/../lib/gcc/avr/4.3.3/avr5\libgcc.a(_clear_bss.o)
                              ./UserTasks.o (__do_clear_bss)
e:/imt/sdk/imt_sdk_win_64/winavr/bin/../lib/gcc/avr/4.3.3/../../../../avr/lib/avr5\libc.a(memcpy.o)
                              ./queue.o (memcpy)
e:/imt/sdk/imt_sdk_win_64/winavr/bin/../lib/gcc/avr/4.3.3/../../../../avr/lib/avr5\libc.a(memset.o)
                              ./stream_buffer.o (memset)

Allocating common symbols
Common symbol       size              file

FirstButtonPressed  0x2               ./UserTasks.o

Memory Configuration

Name             Origin             Length             Attributes
text             0x00000000         0x00020000         xr
data             0x00800060         0x0000ffa0         rw !x
eeprom           0x00810000         0x00010000         rw !x
fuse             0x00820000         0x00000400         rw !x
lock             0x00830000         0x00000400         rw !x
signature        0x00840000         0x00000400         rw !x
*default*        0x00000000         0xffffffff

Linker script and memory map

LOAD e:/imt/sdk/imt_sdk_win_64/winavr/bin/../lib/gcc/avr/4.3.3/../../../../avr/lib/avr5/crtm32.o
LOAD ./DIO.o
LOAD ./PushButton.o
LOAD ./UserTasks.o
LOAD ./croutine.o
LOAD ./event_groups.o
LOAD ./heap_1.o
LOAD ./lcd.o
LOAD ./list.o
LOAD ./main.o
LOAD ./port.o
LOAD ./queue.o
LOAD ./stream_buffer.o
LOAD ./tasks.o
LOAD ./timers.o
LOAD e:/imt/sdk/imt_sdk_win_64/winavr/bin/../lib/gcc/avr/4.3.3/avr5\libgcc.a
LOAD e:/imt/sdk/imt_sdk_win_64/winavr/bin/../lib/gcc/avr/4.3.3/../../../../avr/lib/avr5\libc.a
LOAD e:/imt/sdk/imt_sdk_win_64/winavr/bin/../lib/gcc/avr/4.3.3/avr5\libgcc.a

.hash
 *(.hash)

.dynsym
 *(.dynsym)

.dynstr
 *(.dynstr)

.gnu.version
 *(.gnu.version)

.gnu.version_d
 *(.gnu.version_d)

.gnu.version_r
 *(.gnu.version_r)

.rel.init
 *(.rel.init)

.rela.init
 *(.rela.init)

.rel.text
 *(.rel.text)
 *(.rel.text.*)
 *(.rel.gnu.linkonce.t*)

.rela.text
 *(.rela.text)
 *(.rela.text.*)
 *(.rela.gnu.linkonce.t*)

.rel.fini
 *(.rel.fini)

.rela.fini
 *(.rela.fini)

.rel.rodata
 *(.rel.rodata)
 *(.rel.rodata.*)
 *(.rel.gnu.linkonce.r*)

.rela.rodata
 *(.rela.rodata)
 *(.rela.rodata.*)
 *(.rela.gnu.linkonce.r*)

.rel.data
 *(.rel.data)
 *(.rel.data.*)
 *(.rel.gnu.linkonce.d*)

.rela.data
 *(.rela.data)
 *(.rela.data.*)
 *(.rela.gnu.linkonce.d*)

.rel.ctors
 *(.rel.ctors)

.rela.ctors
 *(.rela.ctors)

.rel.dtors
 *(.rel.dtors)

.rela.dtors
 *(.rela.dtors)

.rel.got
 *(.rel.got)

.rela.got
 *(.rela.got)

.rel.bss
 *(.rel.bss)

.rela.bss
 *(.rela.bss)

.rel.plt
 *(.rel.plt)

.rela.plt
 *(.rela.plt)

.text           0x00000000     0x5a88
 *(.vectors)
 .vectors       0x00000000       0x54 e:/imt/sdk/imt_sdk_win_64/winavr/bin/../lib/gcc/avr/4.3.3/../../../../avr/lib/avr5/crtm32.o
                0x00000000                __vectors
                0x00000000                __vector_default
 *(.vectors)
 *(.progmem.gcc*)
 *(.progmem*)
                0x00000054                . = ALIGN (0x2)
                0x00000054                __trampolines_start = .
 *(.trampolines)
 .trampolines   0x00000054        0x0 linker stubs
 *(.trampolines*)
                0x00000054                __trampolines_end = .
 *(.jumptables)
 *(.jumptables*)
 *(.lowtext)
 *(.lowtext*)
                0x00000054                __ctors_start = .
 *(.ctors)
                0x00000054                __ctors_end = .
                0x00000054                __dtors_start = .
 *(.dtors)
                0x00000054                __dtors_end = .
 SORT(*)(.ctors)
 SORT(*)(.dtors)
 *(.init0)
 .init0         0x00000054        0x0 e:/imt/sdk/imt_sdk_win_64/winavr/bin/../lib/gcc/avr/4.3.3/../../../../avr/lib/avr5/crtm32.o
                0x00000054                __init
 *(.init0)
 *(.init1)
 *(.init1)
 *(.init2)
 .init2         0x00000054        0xc e:/imt/sdk/imt_sdk_win_64/winavr/bin/../lib/gcc/avr/4.3.3/../../../../avr/lib/avr5/crtm32.o
 *(.init2)
 *(.init3)
 *(.init3)
 *(.init4)
 .init4         0x00000060       0x16 e:/imt/sdk/imt_sdk_win_64/winavr/bin/../lib/gcc/avr/4.3.3/avr5\libgcc.a(_copy_data.o)
                0x00000060                __do_copy_data
 .init4         0x00000076       0x10 e:/imt/sdk/imt_sdk_win_64/winavr/bin/../lib/gcc/avr/4.3.3/avr5\libgcc.a(_clear_bss.o)
                0x00000076                __do_clear_bss
 *(.init4)
 *(.init5)
 *(.init5)
 *(.init6)
 *(.init6)
 *(.init7)
 *(.init7)
 *(.init8)
 *(.init8)
 *(.init9)
 .init9         0x00000086        0x8 e:/imt/sdk/imt_sdk_win_64/winavr/bin/../lib/gcc/avr/4.3.3/../../../../avr/lib/avr5/crtm32.o
 *(.init9)
 *(.text)
 .text          0x0000008e        0x4 e:/imt/sdk/imt_sdk_win_64/winavr/bin/../lib/gcc/avr/4.3.3/../../../../avr/lib/avr5/crtm32.o
                0x0000008e                __vector_1
                0x0000008e                __vector_12
                0x0000008e                __bad_interrupt
                0x0000008e                __vector_6
                0x0000008e                __vector_3
                0x0000008e                __vector_11
                0x0000008e                __vector_13
                0x0000008e                __vector_17
                0x0000008e                __vector_19
                0x0000008e                __vector_5
                0x0000008e                __vector_4
                0x0000008e                __vector_9
                0x0000008e                __vector_2
                0x0000008e                __vector_15
                0x0000008e                __vector_8
                0x0000008e                __vector_14
                0x0000008e                __vector_10
                0x0000008e                __vector_16
                0x0000008e                __vector_18
                0x0000008e                __vector_20
 .text          0x00000092        0x0 ./DIO.o
 .text          0x00000092        0x0 ./PushButton.o
 .text          0x00000092        0x0 ./UserTasks.o
 .text          0x00000092        0x0 ./croutine.o
 .text          0x00000092        0x0 ./event_groups.o
 .text          0x00000092        0x0 ./heap_1.o
 .text          0x00000092        0x0 ./lcd.o
 .text          0x00000092        0x0 ./list.o
 .text          0x00000092        0x0 ./main.o
 .text          0x00000092        0x0 ./port.o
 .text          0x00000092        0x0 ./queue.o
 .text          0x00000092        0x0 ./stream_buffer.o
 .text          0x00000092        0x0 ./tasks.o
 .text          0x00000092        0x0 ./timers.o
 .text          0x00000092        0x0 e:/imt/sdk/imt_sdk_win_64/winavr/bin/../lib/gcc/avr/4.3.3/avr5\libgcc.a(_exit.o)
 .text          0x00000092        0x0 e:/imt/sdk/imt_sdk_win_64/winavr/bin/../lib/gcc/avr/4.3.3/avr5\libgcc.a(_copy_data.o)
 .text          0x00000092        0x0 e:/imt/sdk/imt_sdk_win_64/winavr/bin/../lib/gcc/avr/4.3.3/avr5\libgcc.a(_clear_bss.o)
 .text          0x00000092        0x0 e:/imt/sdk/imt_sdk_win_64/winavr/bin/../lib/gcc/avr/4.3.3/../../../../avr/lib/avr5\libc.a(memcpy.o)
 .text          0x00000092        0x0 e:/imt/sdk/imt_sdk_win_64/winavr/bin/../lib/gcc/avr/4.3.3/../../../../avr/lib/avr5\libc.a(memset.o)
                0x00000092                . = ALIGN (0x2)
 *(.text.*)
 .text.DIO_WritePin
                0x00000092      0x1de ./DIO.o
                0x00000092                DIO_WritePin
 .text.DIO_ReadPin
                0x00000270       0xe4 ./DIO.o
                0x00000270                DIO_ReadPin
 .text.DIO_SetPinDirection
                0x00000354      0x1de ./DIO.o
                0x00000354                DIO_SetPinDirection
 .text.PushButton_Init
                0x00000532       0x1e ./PushButton.o
                0x00000532                PushButton_Init
 .text.Buttons_getPressedButton
                0x00000550       0x36 ./PushButton.o
                0x00000550                Buttons_getPressedButton
 .text.init_Task
                0x00000586       0xf0 ./UserTasks.o
                0x00000586                init_Task
 .text.All_Hardware_Init_Task
                0x00000676       0x2c ./UserTasks.o
                0x00000676                All_Hardware_Init_Task
 .text.PushButtonA_Task
                0x000006a2       0xfe ./UserTasks.o
                0x000006a2                PushButtonA_Task
 .text.PushButtonB_Task
                0x000007a0       0xfe ./UserTasks.o
                0x000007a0                PushButtonB_Task
 .text.LCD_Task
                0x0000089e      0x216 ./UserTasks.o
                0x0000089e                LCD_Task
 .text.LED_Task
                0x00000ab4       0x54 ./UserTasks.o
                0x00000ab4                LED_Task
 .text.xEventGroupCreate
                0x00000b08       0x3e ./event_groups.o
                0x00000b08                xEventGroupCreate
 .text.xEventGroupSync
                0x00000b46      0x172 ./event_groups.o
                0x00000b46                xEventGroupSync
 .text.xEventGroupWaitBits
                0x00000cb8      0x18c ./event_groups.o
                0x00000cb8                xEventGroupWaitBits
 .text.xEventGroupClearBits
                0x00000e44       0x6c ./event_groups.o
                0x00000e44                xEventGroupClearBits
 .text.xEventGroupGetBitsFromISR
                0x00000eb0       0x44 ./event_groups.o
                0x00000eb0                xEventGroupGetBitsFromISR
 .text.xEventGroupSetBits
                0x00000ef4      0x164 ./event_groups.o
                0x00000ef4                xEventGroupSetBits
 .text.vEventGroupDelete
                0x00001058       0x62 ./event_groups.o
                0x00001058                vEventGroupDelete
 .text.vEventGroupSetBitsCallback
                0x000010ba       0x3a ./event_groups.o
                0x000010ba                vEventGroupSetBitsCallback
 .text.vEventGroupClearBitsCallback
                0x000010f4       0x3a ./event_groups.o
                0x000010f4                vEventGroupClearBitsCallback
 .text.prvTestWaitCondition
                0x0000112e       0x64 ./event_groups.o
 .text.pvPortMalloc
                0x00001192       0xac ./heap_1.o
                0x00001192                pvPortMalloc
 .text.vPortFree
                0x0000123e       0x18 ./heap_1.o
                0x0000123e                vPortFree
 .text.vPortInitialiseBlocks
                0x00001256       0x16 ./heap_1.o
                0x00001256                vPortInitialiseBlocks
 .text.xPortGetFreeHeapSize
                0x0000126c       0x1e ./heap_1.o
                0x0000126c                xPortGetFreeHeapSize
 .text.LCD_init
                0x0000128a       0x42 ./lcd.o
                0x0000128a                LCD_init
 .text.LCD_sendCommand
                0x000012cc       0xda ./lcd.o
                0x000012cc                LCD_sendCommand
 .text.LCD_displayCharacter
                0x000013a6       0xda ./lcd.o
                0x000013a6                LCD_displayCharacter
 .text.LCD_displayString
                0x00001480       0x52 ./lcd.o
                0x00001480                LCD_displayString
 .text.LCD_goToRowColumn
                0x000014d2       0x84 ./lcd.o
                0x000014d2                LCD_goToRowColumn
 .text.LCD_displayStringRowColumn
                0x00001556       0x32 ./lcd.o
                0x00001556                LCD_displayStringRowColumn
 .text.LCD_clearScreen
                0x00001588       0x14 ./lcd.o
                0x00001588                LCD_clearScreen
 .text.vListInitialise
                0x0000159c       0x54 ./list.o
                0x0000159c                vListInitialise
 .text.vListInitialiseItem
                0x000015f0       0x20 ./list.o
                0x000015f0                vListInitialiseItem
 .text.vListInsertEnd
                0x00001610       0x88 ./list.o
                0x00001610                vListInsertEnd
 .text.vListInsert
                0x00001698       0xd8 ./list.o
                0x00001698                vListInsert
 .text.uxListRemove
                0x00001770       0x98 ./list.o
                0x00001770                uxListRemove
 .text.main     0x00001808       0x3a ./main.o
                0x00001808                main
 .text.pxPortInitialiseStack
                0x00001842      0x306 ./port.o
                0x00001842                pxPortInitialiseStack
 .text.xPortStartScheduler
                0x00001b48       0x6a ./port.o
                0x00001b48                xPortStartScheduler
 .text.vPortEndScheduler
                0x00001bb2        0xe ./port.o
                0x00001bb2                vPortEndScheduler
 .text.vPortYield
                0x00001bc0       0xb2 ./port.o
                0x00001bc0                vPortYield
 .text.vPortYieldFromTick
                0x00001c72       0xba ./port.o
                0x00001c72                vPortYieldFromTick
 .text.prvSetupTimerInterrupt
                0x00001d2c       0xb8 ./port.o
 .text.__vector_7
                0x00001de4        0x6 ./port.o
                0x00001de4                __vector_7
 .text.xQueueGenericReset
                0x00001dea      0x10c ./queue.o
                0x00001dea                xQueueGenericReset
 .text.xQueueGenericCreate
                0x00001ef6       0xa2 ./queue.o
                0x00001ef6                xQueueGenericCreate
 .text.prvInitialiseNewQueue
                0x00001f98       0x76 ./queue.o
 .text.prvInitialiseMutex
                0x0000200e       0x48 ./queue.o
 .text.xQueueCreateMutex
                0x00002056       0x40 ./queue.o
                0x00002056                xQueueCreateMutex
 .text.xQueueGenericSend
                0x00002096      0x158 ./queue.o
                0x00002096                xQueueGenericSend
 .text.xQueueGenericSendFromISR
                0x000021ee       0xb0 ./queue.o
                0x000021ee                xQueueGenericSendFromISR
 .text.xQueueGiveFromISR
                0x0000229e       0xa2 ./queue.o
                0x0000229e                xQueueGiveFromISR
 .text.xQueueReceive
                0x00002340      0x156 ./queue.o
                0x00002340                xQueueReceive
 .text.xQueueSemaphoreTake
                0x00002496      0x1aa ./queue.o
                0x00002496                xQueueSemaphoreTake
 .text.xQueuePeek
                0x00002640      0x164 ./queue.o
                0x00002640                xQueuePeek
 .text.xQueueReceiveFromISR
                0x000027a4       0xae ./queue.o
                0x000027a4                xQueueReceiveFromISR
 .text.xQueuePeekFromISR
                0x00002852       0x72 ./queue.o
                0x00002852                xQueuePeekFromISR
 .text.uxQueueMessagesWaiting
                0x000028c4       0x30 ./queue.o
                0x000028c4                uxQueueMessagesWaiting
 .text.uxQueueSpacesAvailable
                0x000028f4       0x4a ./queue.o
                0x000028f4                uxQueueSpacesAvailable
 .text.uxQueueMessagesWaitingFromISR
                0x0000293e       0x34 ./queue.o
                0x0000293e                uxQueueMessagesWaitingFromISR
 .text.vQueueDelete
                0x00002972       0x2e ./queue.o
                0x00002972                vQueueDelete
 .text.prvGetDisinheritPriorityAfterTimeout
                0x000029a0       0x42 ./queue.o
 .text.prvCopyDataToQueue
                0x000029e2      0x170 ./queue.o
 .text.prvCopyDataFromQueue
                0x00002b52       0x8e ./queue.o
 .text.prvUnlockQueue
                0x00002be0       0xa6 ./queue.o
 .text.prvIsQueueEmpty
                0x00002c86       0x3a ./queue.o
 .text.xQueueIsQueueEmptyFromISR
                0x00002cc0       0x3e ./queue.o
                0x00002cc0                xQueueIsQueueEmptyFromISR
 .text.prvIsQueueFull
                0x00002cfe       0x40 ./queue.o
 .text.xQueueIsQueueFullFromISR
                0x00002d3e       0x44 ./queue.o
                0x00002d3e                xQueueIsQueueFullFromISR
 .text.xStreamBufferGenericCreate
                0x00002d82       0x98 ./stream_buffer.o
                0x00002d82                xStreamBufferGenericCreate
 .text.vStreamBufferDelete
                0x00002e1a       0x52 ./stream_buffer.o
                0x00002e1a                vStreamBufferDelete
 .text.xStreamBufferReset
                0x00002e6c       0x84 ./stream_buffer.o
                0x00002e6c                xStreamBufferReset
 .text.xStreamBufferSetTriggerLevel
                0x00002ef0       0x6e ./stream_buffer.o
                0x00002ef0                xStreamBufferSetTriggerLevel
 .text.xStreamBufferSpacesAvailable
                0x00002f5e       0x8c ./stream_buffer.o
                0x00002f5e                xStreamBufferSpacesAvailable
 .text.xStreamBufferBytesAvailable
                0x00002fea       0x3c ./stream_buffer.o
                0x00002fea                xStreamBufferBytesAvailable
 .text.xStreamBufferSend
                0x00003026      0x190 ./stream_buffer.o
                0x00003026                xStreamBufferSend
 .text.xStreamBufferSendFromISR
                0x000031b6       0xfa ./stream_buffer.o
                0x000031b6                xStreamBufferSendFromISR
 .text.prvWriteMessageToBuffer
                0x000032b0       0xe4 ./stream_buffer.o
 .text.xStreamBufferReceive
                0x00003394      0x174 ./stream_buffer.o
                0x00003394                xStreamBufferReceive
 .text.xStreamBufferNextMessageLengthBytes
                0x00003508       0xa4 ./stream_buffer.o
                0x00003508                xStreamBufferNextMessageLengthBytes
 .text.xStreamBufferReceiveFromISR
                0x000035ac       0xf0 ./stream_buffer.o
                0x000035ac                xStreamBufferReceiveFromISR
 .text.prvReadMessageFromBuffer
                0x0000369c       0xd8 ./stream_buffer.o
 .text.xStreamBufferIsEmpty
                0x00003774       0x5a ./stream_buffer.o
                0x00003774                xStreamBufferIsEmpty
 .text.xStreamBufferIsFull
                0x000037ce       0x70 ./stream_buffer.o
                0x000037ce                xStreamBufferIsFull
 .text.xStreamBufferSendCompletedFromISR
                0x0000383e       0x86 ./stream_buffer.o
                0x0000383e                xStreamBufferSendCompletedFromISR
 .text.xStreamBufferReceiveCompletedFromISR
                0x000038c4       0x86 ./stream_buffer.o
                0x000038c4                xStreamBufferReceiveCompletedFromISR
 .text.prvWriteBytesToBuffer
                0x0000394a      0x11a ./stream_buffer.o
 .text.prvReadBytesFromBuffer
                0x00003a64      0x15a ./stream_buffer.o
 .text.prvBytesInBuffer
                0x00003bbe       0x74 ./stream_buffer.o
 .text.prvInitialiseNewStreamBuffer
                0x00003c32       0x78 ./stream_buffer.o
 .text.xTaskCreate
                0x00003caa       0xf0 ./tasks.o
                0x00003caa                xTaskCreate
 .text.prvInitialiseNewTask
                0x00003d9a      0x186 ./tasks.o
 .text.prvAddNewTaskToReadyList
                0x00003f20       0xf0 ./tasks.o
 .text.vTaskDelete
                0x00004010       0xe4 ./tasks.o
                0x00004010                vTaskDelete
 .text.vTaskDelay
                0x000040f4       0x44 ./tasks.o
                0x000040f4                vTaskDelay
 .text.vTaskSuspend
                0x00004138       0xe8 ./tasks.o
                0x00004138                vTaskSuspend
 .text.prvTaskIsTaskSuspended
                0x00004220       0x5e ./tasks.o
 .text.vTaskResume
                0x0000427e       0xc8 ./tasks.o
                0x0000427e                vTaskResume
 .text.xTaskResumeFromISR
                0x00004346       0xcc ./tasks.o
                0x00004346                xTaskResumeFromISR
 .text.vTaskStartScheduler
                0x00004412       0x64 ./tasks.o
                0x00004412                vTaskStartScheduler
 .text.vTaskEndScheduler
                0x00004476       0x18 ./tasks.o
                0x00004476                vTaskEndScheduler
 .text.vTaskSuspendAll
                0x0000448e       0x18 ./tasks.o
                0x0000448e                vTaskSuspendAll
 .text.xTaskResumeAll
                0x000044a6      0x126 ./tasks.o
                0x000044a6                xTaskResumeAll
 .text.xTaskGetTickCount
                0x000045cc       0x2e ./tasks.o
                0x000045cc                xTaskGetTickCount
 .text.xTaskGetTickCountFromISR
                0x000045fa       0x2a ./tasks.o
                0x000045fa                xTaskGetTickCountFromISR
 .text.uxTaskGetNumberOfTasks
                0x00004624       0x12 ./tasks.o
                0x00004624                uxTaskGetNumberOfTasks
 .text.pcTaskGetName
                0x00004636       0x50 ./tasks.o
                0x00004636                pcTaskGetName
 .text.xTaskIncrementTick
                0x00004686      0x1ca ./tasks.o
                0x00004686                xTaskIncrementTick
 .text.vTaskSwitchContext
                0x00004850       0xda ./tasks.o
                0x00004850                vTaskSwitchContext
 .text.vTaskPlaceOnEventList
                0x0000492a       0x44 ./tasks.o
                0x0000492a                vTaskPlaceOnEventList
 .text.vTaskPlaceOnUnorderedEventList
                0x0000496e       0x60 ./tasks.o
                0x0000496e                vTaskPlaceOnUnorderedEventList
 .text.xTaskRemoveFromEventList
                0x000049ce       0xd6 ./tasks.o
                0x000049ce                xTaskRemoveFromEventList
 .text.vTaskRemoveFromUnorderedEventList
                0x00004aa4       0xba ./tasks.o
                0x00004aa4                vTaskRemoveFromUnorderedEventList
 .text.vTaskSetTimeOutState
                0x00004b5e       0x3c ./tasks.o
                0x00004b5e                vTaskSetTimeOutState
 .text.vTaskInternalSetTimeOutState
                0x00004b9a       0x32 ./tasks.o
                0x00004b9a                vTaskInternalSetTimeOutState
 .text.xTaskCheckForTimeOut
                0x00004bcc       0xda ./tasks.o
                0x00004bcc                xTaskCheckForTimeOut
 .text.vTaskMissedYield
                0x00004ca6       0x14 ./tasks.o
                0x00004ca6                vTaskMissedYield
 .text.prvIdleTask
                0x00004cba       0x14 ./tasks.o
 .text.prvInitialiseTaskLists
                0x00004cce       0x82 ./tasks.o
 .text.prvCheckTasksWaitingTermination
                0x00004d50       0x5e ./tasks.o
 .text.prvDeleteTCB
                0x00004dae       0x2c ./tasks.o
 .text.prvResetNextTaskUnblockTime
                0x00004dda       0x56 ./tasks.o
 .text.xTaskGetCurrentTaskHandle
                0x00004e30       0x24 ./tasks.o
                0x00004e30                xTaskGetCurrentTaskHandle
 .text.xTaskPriorityInherit
                0x00004e54      0x13c ./tasks.o
                0x00004e54                xTaskPriorityInherit
 .text.xTaskPriorityDisinherit
                0x00004f90       0xe4 ./tasks.o
                0x00004f90                xTaskPriorityDisinherit
 .text.vTaskPriorityDisinheritAfterTimeout
                0x00005074      0x12a ./tasks.o
                0x00005074                vTaskPriorityDisinheritAfterTimeout
 .text.uxTaskResetEventItemValue
                0x0000519e       0x4e ./tasks.o
                0x0000519e                uxTaskResetEventItemValue
 .text.pvTaskIncrementMutexHeldCount
                0x000051ec       0x30 ./tasks.o
                0x000051ec                pvTaskIncrementMutexHeldCount
 .text.ulTaskNotifyTake
                0x0000521c       0xee ./tasks.o
                0x0000521c                ulTaskNotifyTake
 .text.xTaskNotifyWait
                0x0000530a      0x138 ./tasks.o
                0x0000530a                xTaskNotifyWait
 .text.xTaskGenericNotify
                0x00005442      0x1ba ./tasks.o
                0x00005442                xTaskGenericNotify
 .text.xTaskGenericNotifyFromISR
                0x000055fc      0x1f0 ./tasks.o
                0x000055fc                xTaskGenericNotifyFromISR
 .text.vTaskNotifyGiveFromISR
                0x000057ec      0x10c ./tasks.o
                0x000057ec                vTaskNotifyGiveFromISR
 .text.xTaskNotifyStateClear
                0x000058f8       0x74 ./tasks.o
                0x000058f8                xTaskNotifyStateClear
 .text.prvAddCurrentTaskToDelayedList
                0x0000596c       0xf8 ./tasks.o
 .text.libgcc   0x00005a64        0x0 e:/imt/sdk/imt_sdk_win_64/winavr/bin/../lib/gcc/avr/4.3.3/avr5\libgcc.a(_exit.o)
 .text.libgcc   0x00005a64        0x0 e:/imt/sdk/imt_sdk_win_64/winavr/bin/../lib/gcc/avr/4.3.3/avr5\libgcc.a(_copy_data.o)
 .text.libgcc   0x00005a64        0x0 e:/imt/sdk/imt_sdk_win_64/winavr/bin/../lib/gcc/avr/4.3.3/avr5\libgcc.a(_clear_bss.o)
 .text.avr-libc
                0x00005a64       0x12 e:/imt/sdk/imt_sdk_win_64/winavr/bin/../lib/gcc/avr/4.3.3/../../../../avr/lib/avr5\libc.a(memcpy.o)
                0x00005a64                memcpy
 .text.avr-libc
                0x00005a76        0xe e:/imt/sdk/imt_sdk_win_64/winavr/bin/../lib/gcc/avr/4.3.3/../../../../avr/lib/avr5\libc.a(memset.o)
                0x00005a76                memset
                0x00005a84                . = ALIGN (0x2)
 *(.fini9)
 .fini9         0x00005a84        0x0 e:/imt/sdk/imt_sdk_win_64/winavr/bin/../lib/gcc/avr/4.3.3/avr5\libgcc.a(_exit.o)
                0x00005a84                exit
                0x00005a84                _exit
 *(.fini9)
 *(.fini8)
 *(.fini8)
 *(.fini7)
 *(.fini7)
 *(.fini6)
 *(.fini6)
 *(.fini5)
 *(.fini5)
 *(.fini4)
 *(.fini4)
 *(.fini3)
 *(.fini3)
 *(.fini2)
 *(.fini2)
 *(.fini1)
 *(.fini1)
 *(.fini0)
 .fini0         0x00005a84        0x4 e:/imt/sdk/imt_sdk_win_64/winavr/bin/../lib/gcc/avr/4.3.3/avr5\libgcc.a(_exit.o)
 *(.fini0)
                0x00005a88                _etext = .

.data           0x00800060       0x78 load address 0x00005a88
                0x00800060                PROVIDE (__data_start, .)
 *(.data)
 .data          0x00800060        0x0 e:/imt/sdk/imt_sdk_win_64/winavr/bin/../lib/gcc/avr/4.3.3/../../../../avr/lib/avr5/crtm32.o
 .data          0x00800060        0x0 ./DIO.o
 .data          0x00800060        0x0 ./PushButton.o
 .data          0x00800060       0x69 ./UserTasks.o
 .data          0x008000c9        0x0 ./croutine.o
 .data          0x008000c9        0x0 ./event_groups.o
 .data          0x008000c9        0x0 ./heap_1.o
 .data          0x008000c9        0x0 ./lcd.o
 .data          0x008000c9        0x0 ./list.o
 .data          0x008000c9        0xa ./main.o
 .data          0x008000d3        0x0 ./port.o
 .data          0x008000d3        0x0 ./queue.o
 .data          0x008000d3        0x0 ./stream_buffer.o
 .data          0x008000d3        0x5 ./tasks.o
 .data          0x008000d8        0x0 ./timers.o
 .data          0x008000d8        0x0 e:/imt/sdk/imt_sdk_win_64/winavr/bin/../lib/gcc/avr/4.3.3/avr5\libgcc.a(_exit.o)
 .data          0x008000d8        0x0 e:/imt/sdk/imt_sdk_win_64/winavr/bin/../lib/gcc/avr/4.3.3/avr5\libgcc.a(_copy_data.o)
 .data          0x008000d8        0x0 e:/imt/sdk/imt_sdk_win_64/winavr/bin/../lib/gcc/avr/4.3.3/avr5\libgcc.a(_clear_bss.o)
 .data          0x008000d8        0x0 e:/imt/sdk/imt_sdk_win_64/winavr/bin/../lib/gcc/avr/4.3.3/../../../../avr/lib/avr5\libc.a(memcpy.o)
 .data          0x008000d8        0x0 e:/imt/sdk/imt_sdk_win_64/winavr/bin/../lib/gcc/avr/4.3.3/../../../../avr/lib/avr5\libc.a(memset.o)
 *(.data*)
 *(.rodata)
 *(.rodata*)
 *(.gnu.linkonce.d*)
                0x008000d8                . = ALIGN (0x2)
                0x008000d8                _edata = .
                0x008000d8                PROVIDE (__data_end, .)

.bss            0x008000d8      0x66b
                0x008000d8                PROVIDE (__bss_start, .)
 *(.bss)
 .bss           0x008000d8        0x0 e:/imt/sdk/imt_sdk_win_64/winavr/bin/../lib/gcc/avr/4.3.3/../../../../avr/lib/avr5/crtm32.o
 .bss           0x008000d8        0x0 ./DIO.o
 .bss           0x008000d8        0x0 ./PushButton.o
 .bss           0x008000d8        0x0 ./UserTasks.o
 .bss           0x008000d8        0x0 ./croutine.o
 .bss           0x008000d8        0x0 ./event_groups.o
 .bss           0x008000d8        0x0 ./heap_1.o
 .bss           0x008000d8        0x0 ./lcd.o
 .bss           0x008000d8        0x0 ./list.o
 .bss           0x008000d8        0x0 ./main.o
 .bss           0x008000d8        0x0 ./port.o
 .bss           0x008000d8        0x0 ./queue.o
 .bss           0x008000d8        0x0 ./stream_buffer.o
 .bss           0x008000d8        0x0 ./tasks.o
 .bss           0x008000d8        0x0 ./timers.o
 .bss           0x008000d8        0x0 e:/imt/sdk/imt_sdk_win_64/winavr/bin/../lib/gcc/avr/4.3.3/avr5\libgcc.a(_exit.o)
 .bss           0x008000d8        0x0 e:/imt/sdk/imt_sdk_win_64/winavr/bin/../lib/gcc/avr/4.3.3/avr5\libgcc.a(_copy_data.o)
 .bss           0x008000d8        0x0 e:/imt/sdk/imt_sdk_win_64/winavr/bin/../lib/gcc/avr/4.3.3/avr5\libgcc.a(_clear_bss.o)
 .bss           0x008000d8        0x0 e:/imt/sdk/imt_sdk_win_64/winavr/bin/../lib/gcc/avr/4.3.3/../../../../avr/lib/avr5\libc.a(memcpy.o)
 .bss           0x008000d8        0x0 e:/imt/sdk/imt_sdk_win_64/winavr/bin/../lib/gcc/avr/4.3.3/../../../../avr/lib/avr5\libc.a(memset.o)
 *(.bss*)
 .bss.AllHardwareInit_Flag
                0x008000d8        0x2 ./UserTasks.o
 .bss.InitTask_Flag
                0x008000da        0x2 ./UserTasks.o
                0x008000da                InitTask_Flag
 .bss.Queue_PushButton_A
                0x008000dc        0x2 ./UserTasks.o
 .bss.Queue_PushButton_B
                0x008000de        0x2 ./UserTasks.o
 .bss.xNextFreeByte
                0x008000e0        0x2 ./heap_1.o
 .bss.pucAlignedHeap.1646
                0x008000e2        0x2 ./heap_1.o
 .bss.ucHeap    0x008000e4      0x5dc ./heap_1.o
 .bss.pxCurrentTCB
                0x008006c0        0x2 ./tasks.o
                0x008006c0                pxCurrentTCB
 .bss.uxDeletedTasksWaitingCleanUp
                0x008006c2        0x1 ./tasks.o
 .bss.uxCurrentNumberOfTasks
                0x008006c3        0x1 ./tasks.o
 .bss.xTickCount
                0x008006c4        0x2 ./tasks.o
 .bss.uxTopReadyPriority
                0x008006c6        0x1 ./tasks.o
 .bss.xSchedulerRunning
                0x008006c7        0x1 ./tasks.o
 .bss.uxPendedTicks
                0x008006c8        0x1 ./tasks.o
 .bss.xYieldPending
                0x008006c9        0x1 ./tasks.o
 .bss.xNumOfOverflows
                0x008006ca        0x1 ./tasks.o
 .bss.uxTaskNumber
                0x008006cb        0x1 ./tasks.o
 .bss.xNextTaskUnblockTime
                0x008006cc        0x2 ./tasks.o
 .bss.xIdleTaskHandle
                0x008006ce        0x2 ./tasks.o
 .bss.uxSchedulerSuspended
                0x008006d0        0x1 ./tasks.o
 .bss.pxReadyTasksLists
                0x008006d1       0x3f ./tasks.o
 .bss.xDelayedTaskList1
                0x00800710        0x9 ./tasks.o
 .bss.xDelayedTaskList2
                0x00800719        0x9 ./tasks.o
 .bss.pxDelayedTaskList
                0x00800722        0x2 ./tasks.o
 .bss.pxOverflowDelayedTaskList
                0x00800724        0x2 ./tasks.o
 .bss.xPendingReadyList
                0x00800726        0x9 ./tasks.o
 .bss.xTasksWaitingTermination
                0x0080072f        0x9 ./tasks.o
 .bss.xSuspendedTaskList
                0x00800738        0x9 ./tasks.o
 *(COMMON)
 COMMON         0x00800741        0x2 ./UserTasks.o
                0x00800741                FirstButtonPressed
                0x00800743                PROVIDE (__bss_end, .)
                0x00005a88                __data_load_start = LOADADDR (.data)
                0x00005b00                __data_load_end = (__data_load_start + SIZEOF (.data))

.noinit         0x00800743        0x0
                0x00800743                PROVIDE (__noinit_start, .)
 *(.noinit*)
                0x00800743                PROVIDE (__noinit_end, .)
                0x00800743                _end = .
                0x00800743                PROVIDE (__heap_start, .)

.eeprom         0x00810000        0x0
 *(.eeprom*)
                0x00810000                __eeprom_end = .

.fuse
 *(.fuse)
 *(.lfuse)
 *(.hfuse)
 *(.efuse)

.lock
 *(.lock*)

.signature
 *(.signature*)

.stab           0x00000000     0x948c
 *(.stab)
 .stab          0x00000000      0x474 ./DIO.o
 .stab          0x00000474      0x1e0 ./PushButton.o
                                0x294 (size before relaxing)
 .stab          0x00000654      0xcd8 ./UserTasks.o
                                0xd74 (size before relaxing)
 .stab          0x0000132c      0x1bc ./croutine.o
                                0x630 (size before relaxing)
 .stab          0x000014e8      0xde0 ./event_groups.o
                               0x111c (size before relaxing)
 .stab          0x000022c8      0x30c ./heap_1.o
                                0x7bc (size before relaxing)
 .stab          0x000025d4      0x534 ./lcd.o
                                0x750 (size before relaxing)
 .stab          0x00002b08      0x474 ./list.o
                                0x858 (size before relaxing)
 .stab          0x00002f7c      0x1c8 ./main.o
                                0x6d8 (size before relaxing)
 .stab          0x00003144      0x840 ./port.o
                                0xce4 (size before relaxing)
 .stab          0x00003984     0x1cc8 ./queue.o
                               0x21a8 (size before relaxing)
 .stab          0x0000564c     0x1608 ./stream_buffer.o
                               0x1a4c (size before relaxing)
 .stab          0x00006c54     0x2694 ./tasks.o
                               0x2b74 (size before relaxing)
 .stab          0x000092e8      0x1a4 ./timers.o
                                0x6b4 (size before relaxing)

.stabstr        0x00000000     0x4c42
 *(.stabstr)
 .stabstr       0x00000000     0x4c42 ./DIO.o

.stab.excl
 *(.stab.excl)

.stab.exclstr
 *(.stab.exclstr)

.stab.index
 *(.stab.index)

.stab.indexstr
 *(.stab.indexstr)

.comment
 *(.comment)

.debug
 *(.debug)

.line
 *(.line)

.debug_srcinfo
 *(.debug_srcinfo)

.debug_sfnames
 *(.debug_sfnames)

.debug_aranges
 *(.debug_aranges)

.debug_pubnames
 *(.debug_pubnames)

.debug_info
 *(.debug_info)
 *(.gnu.linkonce.wi.*)

.debug_abbrev
 *(.debug_abbrev)

.debug_line
 *(.debug_line)

.debug_frame
 *(.debug_frame)

.debug_str
 *(.debug_str)

.debug_loc
 *(.debug_loc)

.debug_macinfo
 *(.debug_macinfo)
OUTPUT(FreeRTOS_SprintsChallenges_Sprint2_UserStory2.elf elf32-avr)
LOAD linker stubs
