Archive member included because of file (symbol)

e:/imt/sdk/imt_sdk_win_64/winavr/bin/../lib/gcc/avr/4.3.3/avr5\libgcc.a(_exit.o)
                              e:/imt/sdk/imt_sdk_win_64/winavr/bin/../lib/gcc/avr/4.3.3/../../../../avr/lib/avr5/crtm32.o (exit)
e:/imt/sdk/imt_sdk_win_64/winavr/bin/../lib/gcc/avr/4.3.3/avr5\libgcc.a(_copy_data.o)
                              ./UserTasks.o (__do_copy_data)
e:/imt/sdk/imt_sdk_win_64/winavr/bin/../lib/gcc/avr/4.3.3/avr5\libgcc.a(_clear_bss.o)
                              ./UserTasks.o (__do_clear_bss)
e:/imt/sdk/imt_sdk_win_64/winavr/bin/../lib/gcc/avr/4.3.3/../../../../avr/lib/avr5\libc.a(memcpy.o)
                              ./queue.o (memcpy)
e:/imt/sdk/imt_sdk_win_64/winavr/bin/../lib/gcc/avr/4.3.3/../../../../avr/lib/avr5\libc.a(memset.o)
                              ./stream_buffer.o (memset)

Memory Configuration

Name             Origin             Length             Attributes
text             0x00000000         0x00020000         xr
data             0x00800060         0x0000ffa0         rw !x
eeprom           0x00810000         0x00010000         rw !x
fuse             0x00820000         0x00000400         rw !x
lock             0x00830000         0x00000400         rw !x
signature        0x00840000         0x00000400         rw !x
*default*        0x00000000         0xffffffff

Linker script and memory map

LOAD e:/imt/sdk/imt_sdk_win_64/winavr/bin/../lib/gcc/avr/4.3.3/../../../../avr/lib/avr5/crtm32.o
LOAD ./DIO.o
LOAD ./UserTasks.o
LOAD ./croutine.o
LOAD ./event_groups.o
LOAD ./heap_1.o
LOAD ./keypad.o
LOAD ./lcd.o
LOAD ./list.o
LOAD ./main.o
LOAD ./port.o
LOAD ./queue.o
LOAD ./stream_buffer.o
LOAD ./tasks.o
LOAD ./timers.o
LOAD e:/imt/sdk/imt_sdk_win_64/winavr/bin/../lib/gcc/avr/4.3.3/avr5\libgcc.a
LOAD e:/imt/sdk/imt_sdk_win_64/winavr/bin/../lib/gcc/avr/4.3.3/../../../../avr/lib/avr5\libc.a
LOAD e:/imt/sdk/imt_sdk_win_64/winavr/bin/../lib/gcc/avr/4.3.3/avr5\libgcc.a

.hash
 *(.hash)

.dynsym
 *(.dynsym)

.dynstr
 *(.dynstr)

.gnu.version
 *(.gnu.version)

.gnu.version_d
 *(.gnu.version_d)

.gnu.version_r
 *(.gnu.version_r)

.rel.init
 *(.rel.init)

.rela.init
 *(.rela.init)

.rel.text
 *(.rel.text)
 *(.rel.text.*)
 *(.rel.gnu.linkonce.t*)

.rela.text
 *(.rela.text)
 *(.rela.text.*)
 *(.rela.gnu.linkonce.t*)

.rel.fini
 *(.rel.fini)

.rela.fini
 *(.rela.fini)

.rel.rodata
 *(.rel.rodata)
 *(.rel.rodata.*)
 *(.rel.gnu.linkonce.r*)

.rela.rodata
 *(.rela.rodata)
 *(.rela.rodata.*)
 *(.rela.gnu.linkonce.r*)

.rel.data
 *(.rel.data)
 *(.rel.data.*)
 *(.rel.gnu.linkonce.d*)

.rela.data
 *(.rela.data)
 *(.rela.data.*)
 *(.rela.gnu.linkonce.d*)

.rel.ctors
 *(.rel.ctors)

.rela.ctors
 *(.rela.ctors)

.rel.dtors
 *(.rel.dtors)

.rela.dtors
 *(.rela.dtors)

.rel.got
 *(.rel.got)

.rela.got
 *(.rela.got)

.rel.bss
 *(.rel.bss)

.rela.bss
 *(.rela.bss)

.rel.plt
 *(.rel.plt)

.rela.plt
 *(.rela.plt)

.text           0x00000000     0x5482
 *(.vectors)
 .vectors       0x00000000       0x54 e:/imt/sdk/imt_sdk_win_64/winavr/bin/../lib/gcc/avr/4.3.3/../../../../avr/lib/avr5/crtm32.o
                0x00000000                __vectors
                0x00000000                __vector_default
 *(.vectors)
 *(.progmem.gcc*)
 *(.progmem*)
                0x00000054                . = ALIGN (0x2)
                0x00000054                __trampolines_start = .
 *(.trampolines)
 .trampolines   0x00000054        0x0 linker stubs
 *(.trampolines*)
                0x00000054                __trampolines_end = .
 *(.jumptables)
 *(.jumptables*)
 *(.lowtext)
 *(.lowtext*)
                0x00000054                __ctors_start = .
 *(.ctors)
                0x00000054                __ctors_end = .
                0x00000054                __dtors_start = .
 *(.dtors)
                0x00000054                __dtors_end = .
 SORT(*)(.ctors)
 SORT(*)(.dtors)
 *(.init0)
 .init0         0x00000054        0x0 e:/imt/sdk/imt_sdk_win_64/winavr/bin/../lib/gcc/avr/4.3.3/../../../../avr/lib/avr5/crtm32.o
                0x00000054                __init
 *(.init0)
 *(.init1)
 *(.init1)
 *(.init2)
 .init2         0x00000054        0xc e:/imt/sdk/imt_sdk_win_64/winavr/bin/../lib/gcc/avr/4.3.3/../../../../avr/lib/avr5/crtm32.o
 *(.init2)
 *(.init3)
 *(.init3)
 *(.init4)
 .init4         0x00000060       0x16 e:/imt/sdk/imt_sdk_win_64/winavr/bin/../lib/gcc/avr/4.3.3/avr5\libgcc.a(_copy_data.o)
                0x00000060                __do_copy_data
 .init4         0x00000076       0x10 e:/imt/sdk/imt_sdk_win_64/winavr/bin/../lib/gcc/avr/4.3.3/avr5\libgcc.a(_clear_bss.o)
                0x00000076                __do_clear_bss
 *(.init4)
 *(.init5)
 *(.init5)
 *(.init6)
 *(.init6)
 *(.init7)
 *(.init7)
 *(.init8)
 *(.init8)
 *(.init9)
 .init9         0x00000086        0x8 e:/imt/sdk/imt_sdk_win_64/winavr/bin/../lib/gcc/avr/4.3.3/../../../../avr/lib/avr5/crtm32.o
 *(.init9)
 *(.text)
 .text          0x0000008e        0x4 e:/imt/sdk/imt_sdk_win_64/winavr/bin/../lib/gcc/avr/4.3.3/../../../../avr/lib/avr5/crtm32.o
                0x0000008e                __vector_1
                0x0000008e                __vector_12
                0x0000008e                __bad_interrupt
                0x0000008e                __vector_6
                0x0000008e                __vector_3
                0x0000008e                __vector_11
                0x0000008e                __vector_13
                0x0000008e                __vector_17
                0x0000008e                __vector_19
                0x0000008e                __vector_5
                0x0000008e                __vector_4
                0x0000008e                __vector_9
                0x0000008e                __vector_2
                0x0000008e                __vector_15
                0x0000008e                __vector_8
                0x0000008e                __vector_14
                0x0000008e                __vector_10
                0x0000008e                __vector_16
                0x0000008e                __vector_18
                0x0000008e                __vector_20
 .text          0x00000092        0x0 ./DIO.o
 .text          0x00000092        0x0 ./UserTasks.o
 .text          0x00000092        0x0 ./croutine.o
 .text          0x00000092        0x0 ./event_groups.o
 .text          0x00000092        0x0 ./heap_1.o
 .text          0x00000092        0x0 ./keypad.o
 .text          0x00000092        0x0 ./lcd.o
 .text          0x00000092        0x0 ./list.o
 .text          0x00000092        0x0 ./main.o
 .text          0x00000092        0x0 ./port.o
 .text          0x00000092        0x0 ./queue.o
 .text          0x00000092        0x0 ./stream_buffer.o
 .text          0x00000092        0x0 ./tasks.o
 .text          0x00000092        0x0 ./timers.o
 .text          0x00000092        0x0 e:/imt/sdk/imt_sdk_win_64/winavr/bin/../lib/gcc/avr/4.3.3/avr5\libgcc.a(_exit.o)
 .text          0x00000092        0x0 e:/imt/sdk/imt_sdk_win_64/winavr/bin/../lib/gcc/avr/4.3.3/avr5\libgcc.a(_copy_data.o)
 .text          0x00000092        0x0 e:/imt/sdk/imt_sdk_win_64/winavr/bin/../lib/gcc/avr/4.3.3/avr5\libgcc.a(_clear_bss.o)
 .text          0x00000092        0x0 e:/imt/sdk/imt_sdk_win_64/winavr/bin/../lib/gcc/avr/4.3.3/../../../../avr/lib/avr5\libc.a(memcpy.o)
 .text          0x00000092        0x0 e:/imt/sdk/imt_sdk_win_64/winavr/bin/../lib/gcc/avr/4.3.3/../../../../avr/lib/avr5\libc.a(memset.o)
                0x00000092                . = ALIGN (0x2)
 *(.text.*)
 .text.DIO_WritePin
                0x00000092      0x1de ./DIO.o
                0x00000092                DIO_WritePin
 .text.DIO_ReadPin
                0x00000270       0xe4 ./DIO.o
                0x00000270                DIO_ReadPin
 .text.DIO_SetPinDirection
                0x00000354      0x1de ./DIO.o
                0x00000354                DIO_SetPinDirection
 .text.init_Task
                0x00000532       0x86 ./UserTasks.o
                0x00000532                init_Task
 .text.All_Hardware_Init_Task
                0x000005b8       0x2e ./UserTasks.o
                0x000005b8                All_Hardware_Init_Task
 .text.KeyPad_Task
                0x000005e6       0x80 ./UserTasks.o
                0x000005e6                KeyPad_Task
 .text.LCD_Task
                0x00000666      0x156 ./UserTasks.o
                0x00000666                LCD_Task
 .text.xEventGroupCreate
                0x000007bc       0x3e ./event_groups.o
                0x000007bc                xEventGroupCreate
 .text.xEventGroupSync
                0x000007fa      0x172 ./event_groups.o
                0x000007fa                xEventGroupSync
 .text.xEventGroupWaitBits
                0x0000096c      0x18c ./event_groups.o
                0x0000096c                xEventGroupWaitBits
 .text.xEventGroupClearBits
                0x00000af8       0x6c ./event_groups.o
                0x00000af8                xEventGroupClearBits
 .text.xEventGroupGetBitsFromISR
                0x00000b64       0x44 ./event_groups.o
                0x00000b64                xEventGroupGetBitsFromISR
 .text.xEventGroupSetBits
                0x00000ba8      0x164 ./event_groups.o
                0x00000ba8                xEventGroupSetBits
 .text.vEventGroupDelete
                0x00000d0c       0x62 ./event_groups.o
                0x00000d0c                vEventGroupDelete
 .text.vEventGroupSetBitsCallback
                0x00000d6e       0x3a ./event_groups.o
                0x00000d6e                vEventGroupSetBitsCallback
 .text.vEventGroupClearBitsCallback
                0x00000da8       0x3a ./event_groups.o
                0x00000da8                vEventGroupClearBitsCallback
 .text.prvTestWaitCondition
                0x00000de2       0x64 ./event_groups.o
 .text.pvPortMalloc
                0x00000e46       0xac ./heap_1.o
                0x00000e46                pvPortMalloc
 .text.vPortFree
                0x00000ef2       0x18 ./heap_1.o
                0x00000ef2                vPortFree
 .text.vPortInitialiseBlocks
                0x00000f0a       0x16 ./heap_1.o
                0x00000f0a                vPortInitialiseBlocks
 .text.xPortGetFreeHeapSize
                0x00000f20       0x1e ./heap_1.o
                0x00000f20                xPortGetFreeHeapSize
 .text.KeyPad_Init
                0x00000f3e       0x6e ./keypad.o
                0x00000f3e                KeyPad_Init
 .text.KeyPad_getPressedKey
                0x00000fac       0xb4 ./keypad.o
                0x00000fac                KeyPad_getPressedKey
 .text.KeyPad_3x3_switch
                0x00001060      0x100 ./keypad.o
 .text.LCD_init
                0x00001160       0x42 ./lcd.o
                0x00001160                LCD_init
 .text.LCD_sendCommand
                0x000011a2       0xda ./lcd.o
                0x000011a2                LCD_sendCommand
 .text.LCD_displayCharacter
                0x0000127c       0xda ./lcd.o
                0x0000127c                LCD_displayCharacter
 .text.LCD_displayString
                0x00001356       0x52 ./lcd.o
                0x00001356                LCD_displayString
 .text.LCD_goToRowColumn
                0x000013a8       0x84 ./lcd.o
                0x000013a8                LCD_goToRowColumn
 .text.LCD_displayStringRowColumn
                0x0000142c       0x32 ./lcd.o
                0x0000142c                LCD_displayStringRowColumn
 .text.LCD_clearScreen
                0x0000145e       0x14 ./lcd.o
                0x0000145e                LCD_clearScreen
 .text.vListInitialise
                0x00001472       0x54 ./list.o
                0x00001472                vListInitialise
 .text.vListInitialiseItem
                0x000014c6       0x20 ./list.o
                0x000014c6                vListInitialiseItem
 .text.vListInsertEnd
                0x000014e6       0x88 ./list.o
                0x000014e6                vListInsertEnd
 .text.vListInsert
                0x0000156e       0xd8 ./list.o
                0x0000156e                vListInsert
 .text.uxListRemove
                0x00001646       0x98 ./list.o
                0x00001646                uxListRemove
 .text.main     0x000016de       0x3a ./main.o
                0x000016de                main
 .text.pxPortInitialiseStack
                0x00001718      0x306 ./port.o
                0x00001718                pxPortInitialiseStack
 .text.xPortStartScheduler
                0x00001a1e       0x6a ./port.o
                0x00001a1e                xPortStartScheduler
 .text.vPortEndScheduler
                0x00001a88        0xe ./port.o
                0x00001a88                vPortEndScheduler
 .text.vPortYield
                0x00001a96       0xb2 ./port.o
                0x00001a96                vPortYield
 .text.vPortYieldFromTick
                0x00001b48       0xba ./port.o
                0x00001b48                vPortYieldFromTick
 .text.prvSetupTimerInterrupt
                0x00001c02       0xb8 ./port.o
 .text.__vector_7
                0x00001cba        0x6 ./port.o
                0x00001cba                __vector_7
 .text.xQueueGenericReset
                0x00001cc0      0x10c ./queue.o
                0x00001cc0                xQueueGenericReset
 .text.xQueueGenericCreate
                0x00001dcc       0xa2 ./queue.o
                0x00001dcc                xQueueGenericCreate
 .text.prvInitialiseNewQueue
                0x00001e6e       0x76 ./queue.o
 .text.xQueueGenericSend
                0x00001ee4      0x158 ./queue.o
                0x00001ee4                xQueueGenericSend
 .text.xQueueGenericSendFromISR
                0x0000203c       0xb0 ./queue.o
                0x0000203c                xQueueGenericSendFromISR
 .text.xQueueGiveFromISR
                0x000020ec       0xa2 ./queue.o
                0x000020ec                xQueueGiveFromISR
 .text.xQueueReceive
                0x0000218e      0x156 ./queue.o
                0x0000218e                xQueueReceive
 .text.xQueueSemaphoreTake
                0x000022e4      0x144 ./queue.o
                0x000022e4                xQueueSemaphoreTake
 .text.xQueuePeek
                0x00002428      0x164 ./queue.o
                0x00002428                xQueuePeek
 .text.xQueueReceiveFromISR
                0x0000258c       0xae ./queue.o
                0x0000258c                xQueueReceiveFromISR
 .text.xQueuePeekFromISR
                0x0000263a       0x72 ./queue.o
                0x0000263a                xQueuePeekFromISR
 .text.uxQueueMessagesWaiting
                0x000026ac       0x30 ./queue.o
                0x000026ac                uxQueueMessagesWaiting
 .text.uxQueueSpacesAvailable
                0x000026dc       0x4a ./queue.o
                0x000026dc                uxQueueSpacesAvailable
 .text.uxQueueMessagesWaitingFromISR
                0x00002726       0x34 ./queue.o
                0x00002726                uxQueueMessagesWaitingFromISR
 .text.vQueueDelete
                0x0000275a       0x2e ./queue.o
                0x0000275a                vQueueDelete
 .text.prvCopyDataToQueue
                0x00002788      0x14c ./queue.o
 .text.prvCopyDataFromQueue
                0x000028d4       0x8e ./queue.o
 .text.prvUnlockQueue
                0x00002962       0xa6 ./queue.o
 .text.prvIsQueueEmpty
                0x00002a08       0x3a ./queue.o
 .text.xQueueIsQueueEmptyFromISR
                0x00002a42       0x3e ./queue.o
                0x00002a42                xQueueIsQueueEmptyFromISR
 .text.prvIsQueueFull
                0x00002a80       0x40 ./queue.o
 .text.xQueueIsQueueFullFromISR
                0x00002ac0       0x44 ./queue.o
                0x00002ac0                xQueueIsQueueFullFromISR
 .text.xStreamBufferGenericCreate
                0x00002b04       0x98 ./stream_buffer.o
                0x00002b04                xStreamBufferGenericCreate
 .text.vStreamBufferDelete
                0x00002b9c       0x52 ./stream_buffer.o
                0x00002b9c                vStreamBufferDelete
 .text.xStreamBufferReset
                0x00002bee       0x84 ./stream_buffer.o
                0x00002bee                xStreamBufferReset
 .text.xStreamBufferSetTriggerLevel
                0x00002c72       0x6e ./stream_buffer.o
                0x00002c72                xStreamBufferSetTriggerLevel
 .text.xStreamBufferSpacesAvailable
                0x00002ce0       0x8c ./stream_buffer.o
                0x00002ce0                xStreamBufferSpacesAvailable
 .text.xStreamBufferBytesAvailable
                0x00002d6c       0x3c ./stream_buffer.o
                0x00002d6c                xStreamBufferBytesAvailable
 .text.xStreamBufferSend
                0x00002da8      0x190 ./stream_buffer.o
                0x00002da8                xStreamBufferSend
 .text.xStreamBufferSendFromISR
                0x00002f38       0xfa ./stream_buffer.o
                0x00002f38                xStreamBufferSendFromISR
 .text.prvWriteMessageToBuffer
                0x00003032       0xe4 ./stream_buffer.o
 .text.xStreamBufferReceive
                0x00003116      0x174 ./stream_buffer.o
                0x00003116                xStreamBufferReceive
 .text.xStreamBufferNextMessageLengthBytes
                0x0000328a       0xa4 ./stream_buffer.o
                0x0000328a                xStreamBufferNextMessageLengthBytes
 .text.xStreamBufferReceiveFromISR
                0x0000332e       0xf0 ./stream_buffer.o
                0x0000332e                xStreamBufferReceiveFromISR
 .text.prvReadMessageFromBuffer
                0x0000341e       0xd8 ./stream_buffer.o
 .text.xStreamBufferIsEmpty
                0x000034f6       0x5a ./stream_buffer.o
                0x000034f6                xStreamBufferIsEmpty
 .text.xStreamBufferIsFull
                0x00003550       0x70 ./stream_buffer.o
                0x00003550                xStreamBufferIsFull
 .text.xStreamBufferSendCompletedFromISR
                0x000035c0       0x86 ./stream_buffer.o
                0x000035c0                xStreamBufferSendCompletedFromISR
 .text.xStreamBufferReceiveCompletedFromISR
                0x00003646       0x86 ./stream_buffer.o
                0x00003646                xStreamBufferReceiveCompletedFromISR
 .text.prvWriteBytesToBuffer
                0x000036cc      0x11a ./stream_buffer.o
 .text.prvReadBytesFromBuffer
                0x000037e6      0x15a ./stream_buffer.o
 .text.prvBytesInBuffer
                0x00003940       0x74 ./stream_buffer.o
 .text.prvInitialiseNewStreamBuffer
                0x000039b4       0x78 ./stream_buffer.o
 .text.xTaskCreate
                0x00003a2c       0xf0 ./tasks.o
                0x00003a2c                xTaskCreate
 .text.prvInitialiseNewTask
                0x00003b1c      0x178 ./tasks.o
 .text.prvAddNewTaskToReadyList
                0x00003c94       0xf0 ./tasks.o
 .text.vTaskDelete
                0x00003d84       0xe4 ./tasks.o
                0x00003d84                vTaskDelete
 .text.vTaskDelay
                0x00003e68       0x44 ./tasks.o
                0x00003e68                vTaskDelay
 .text.vTaskSuspend
                0x00003eac       0xe8 ./tasks.o
                0x00003eac                vTaskSuspend
 .text.prvTaskIsTaskSuspended
                0x00003f94       0x5e ./tasks.o
 .text.vTaskResume
                0x00003ff2       0xc8 ./tasks.o
                0x00003ff2                vTaskResume
 .text.xTaskResumeFromISR
                0x000040ba       0xcc ./tasks.o
                0x000040ba                xTaskResumeFromISR
 .text.vTaskStartScheduler
                0x00004186       0x64 ./tasks.o
                0x00004186                vTaskStartScheduler
 .text.vTaskEndScheduler
                0x000041ea       0x18 ./tasks.o
                0x000041ea                vTaskEndScheduler
 .text.vTaskSuspendAll
                0x00004202       0x18 ./tasks.o
                0x00004202                vTaskSuspendAll
 .text.xTaskResumeAll
                0x0000421a      0x126 ./tasks.o
                0x0000421a                xTaskResumeAll
 .text.xTaskGetTickCount
                0x00004340       0x2e ./tasks.o
                0x00004340                xTaskGetTickCount
 .text.xTaskGetTickCountFromISR
                0x0000436e       0x2a ./tasks.o
                0x0000436e                xTaskGetTickCountFromISR
 .text.uxTaskGetNumberOfTasks
                0x00004398       0x12 ./tasks.o
                0x00004398                uxTaskGetNumberOfTasks
 .text.pcTaskGetName
                0x000043aa       0x50 ./tasks.o
                0x000043aa                pcTaskGetName
 .text.xTaskIncrementTick
                0x000043fa      0x1ca ./tasks.o
                0x000043fa                xTaskIncrementTick
 .text.vTaskSwitchContext
                0x000045c4       0xda ./tasks.o
                0x000045c4                vTaskSwitchContext
 .text.vTaskPlaceOnEventList
                0x0000469e       0x44 ./tasks.o
                0x0000469e                vTaskPlaceOnEventList
 .text.vTaskPlaceOnUnorderedEventList
                0x000046e2       0x60 ./tasks.o
                0x000046e2                vTaskPlaceOnUnorderedEventList
 .text.xTaskRemoveFromEventList
                0x00004742       0xd6 ./tasks.o
                0x00004742                xTaskRemoveFromEventList
 .text.vTaskRemoveFromUnorderedEventList
                0x00004818       0xba ./tasks.o
                0x00004818                vTaskRemoveFromUnorderedEventList
 .text.vTaskSetTimeOutState
                0x000048d2       0x3c ./tasks.o
                0x000048d2                vTaskSetTimeOutState
 .text.vTaskInternalSetTimeOutState
                0x0000490e       0x32 ./tasks.o
                0x0000490e                vTaskInternalSetTimeOutState
 .text.xTaskCheckForTimeOut
                0x00004940       0xda ./tasks.o
                0x00004940                xTaskCheckForTimeOut
 .text.vTaskMissedYield
                0x00004a1a       0x14 ./tasks.o
                0x00004a1a                vTaskMissedYield
 .text.prvIdleTask
                0x00004a2e       0x14 ./tasks.o
 .text.prvInitialiseTaskLists
                0x00004a42       0x82 ./tasks.o
 .text.prvCheckTasksWaitingTermination
                0x00004ac4       0x5e ./tasks.o
 .text.prvDeleteTCB
                0x00004b22       0x2c ./tasks.o
 .text.prvResetNextTaskUnblockTime
                0x00004b4e       0x56 ./tasks.o
 .text.xTaskGetCurrentTaskHandle
                0x00004ba4       0x24 ./tasks.o
                0x00004ba4                xTaskGetCurrentTaskHandle
 .text.uxTaskResetEventItemValue
                0x00004bc8       0x4e ./tasks.o
                0x00004bc8                uxTaskResetEventItemValue
 .text.ulTaskNotifyTake
                0x00004c16       0xee ./tasks.o
                0x00004c16                ulTaskNotifyTake
 .text.xTaskNotifyWait
                0x00004d04      0x138 ./tasks.o
                0x00004d04                xTaskNotifyWait
 .text.xTaskGenericNotify
                0x00004e3c      0x1ba ./tasks.o
                0x00004e3c                xTaskGenericNotify
 .text.xTaskGenericNotifyFromISR
                0x00004ff6      0x1f0 ./tasks.o
                0x00004ff6                xTaskGenericNotifyFromISR
 .text.vTaskNotifyGiveFromISR
                0x000051e6      0x10c ./tasks.o
                0x000051e6                vTaskNotifyGiveFromISR
 .text.xTaskNotifyStateClear
                0x000052f2       0x74 ./tasks.o
                0x000052f2                xTaskNotifyStateClear
 .text.prvAddCurrentTaskToDelayedList
                0x00005366       0xf8 ./tasks.o
 .text.libgcc   0x0000545e        0x0 e:/imt/sdk/imt_sdk_win_64/winavr/bin/../lib/gcc/avr/4.3.3/avr5\libgcc.a(_exit.o)
 .text.libgcc   0x0000545e        0x0 e:/imt/sdk/imt_sdk_win_64/winavr/bin/../lib/gcc/avr/4.3.3/avr5\libgcc.a(_copy_data.o)
 .text.libgcc   0x0000545e        0x0 e:/imt/sdk/imt_sdk_win_64/winavr/bin/../lib/gcc/avr/4.3.3/avr5\libgcc.a(_clear_bss.o)
 .text.avr-libc
                0x0000545e       0x12 e:/imt/sdk/imt_sdk_win_64/winavr/bin/../lib/gcc/avr/4.3.3/../../../../avr/lib/avr5\libc.a(memcpy.o)
                0x0000545e                memcpy
 .text.avr-libc
                0x00005470        0xe e:/imt/sdk/imt_sdk_win_64/winavr/bin/../lib/gcc/avr/4.3.3/../../../../avr/lib/avr5\libc.a(memset.o)
                0x00005470                memset
                0x0000547e                . = ALIGN (0x2)
 *(.fini9)
 .fini9         0x0000547e        0x0 e:/imt/sdk/imt_sdk_win_64/winavr/bin/../lib/gcc/avr/4.3.3/avr5\libgcc.a(_exit.o)
                0x0000547e                exit
                0x0000547e                _exit
 *(.fini9)
 *(.fini8)
 *(.fini8)
 *(.fini7)
 *(.fini7)
 *(.fini6)
 *(.fini6)
 *(.fini5)
 *(.fini5)
 *(.fini4)
 *(.fini4)
 *(.fini3)
 *(.fini3)
 *(.fini2)
 *(.fini2)
 *(.fini1)
 *(.fini1)
 *(.fini0)
 .fini0         0x0000547e        0x4 e:/imt/sdk/imt_sdk_win_64/winavr/bin/../lib/gcc/avr/4.3.3/avr5\libgcc.a(_exit.o)
 *(.fini0)
                0x00005482                _etext = .

.data           0x00800060       0x46 load address 0x00005482
                0x00800060                PROVIDE (__data_start, .)
 *(.data)
 .data          0x00800060        0x0 e:/imt/sdk/imt_sdk_win_64/winavr/bin/../lib/gcc/avr/4.3.3/../../../../avr/lib/avr5/crtm32.o
 .data          0x00800060        0x0 ./DIO.o
 .data          0x00800060       0x37 ./UserTasks.o
 .data          0x00800097        0x0 ./croutine.o
 .data          0x00800097        0x0 ./event_groups.o
 .data          0x00800097        0x0 ./heap_1.o
 .data          0x00800097        0x0 ./keypad.o
 .data          0x00800097        0x0 ./lcd.o
 .data          0x00800097        0x0 ./list.o
 .data          0x00800097        0xa ./main.o
 .data          0x008000a1        0x0 ./port.o
 .data          0x008000a1        0x0 ./queue.o
 .data          0x008000a1        0x0 ./stream_buffer.o
 .data          0x008000a1        0x5 ./tasks.o
 .data          0x008000a6        0x0 ./timers.o
 .data          0x008000a6        0x0 e:/imt/sdk/imt_sdk_win_64/winavr/bin/../lib/gcc/avr/4.3.3/avr5\libgcc.a(_exit.o)
 .data          0x008000a6        0x0 e:/imt/sdk/imt_sdk_win_64/winavr/bin/../lib/gcc/avr/4.3.3/avr5\libgcc.a(_copy_data.o)
 .data          0x008000a6        0x0 e:/imt/sdk/imt_sdk_win_64/winavr/bin/../lib/gcc/avr/4.3.3/avr5\libgcc.a(_clear_bss.o)
 .data          0x008000a6        0x0 e:/imt/sdk/imt_sdk_win_64/winavr/bin/../lib/gcc/avr/4.3.3/../../../../avr/lib/avr5\libc.a(memcpy.o)
 .data          0x008000a6        0x0 e:/imt/sdk/imt_sdk_win_64/winavr/bin/../lib/gcc/avr/4.3.3/../../../../avr/lib/avr5\libc.a(memset.o)
 *(.data*)
 *(.rodata)
 *(.rodata*)
 *(.gnu.linkonce.d*)
                0x008000a6                . = ALIGN (0x2)
                0x008000a6                _edata = .
                0x008000a6                PROVIDE (__data_end, .)

.bss            0x008000a6      0x64e
                0x008000a6                PROVIDE (__bss_start, .)
 *(.bss)
 .bss           0x008000a6        0x0 e:/imt/sdk/imt_sdk_win_64/winavr/bin/../lib/gcc/avr/4.3.3/../../../../avr/lib/avr5/crtm32.o
 .bss           0x008000a6        0x0 ./DIO.o
 .bss           0x008000a6        0x0 ./UserTasks.o
 .bss           0x008000a6        0x0 ./croutine.o
 .bss           0x008000a6        0x0 ./event_groups.o
 .bss           0x008000a6        0x0 ./heap_1.o
 .bss           0x008000a6        0x0 ./keypad.o
 .bss           0x008000a6        0x0 ./lcd.o
 .bss           0x008000a6        0x0 ./list.o
 .bss           0x008000a6        0x0 ./main.o
 .bss           0x008000a6        0x0 ./port.o
 .bss           0x008000a6        0x0 ./queue.o
 .bss           0x008000a6        0x0 ./stream_buffer.o
 .bss           0x008000a6        0x0 ./tasks.o
 .bss           0x008000a6        0x0 ./timers.o
 .bss           0x008000a6        0x0 e:/imt/sdk/imt_sdk_win_64/winavr/bin/../lib/gcc/avr/4.3.3/avr5\libgcc.a(_exit.o)
 .bss           0x008000a6        0x0 e:/imt/sdk/imt_sdk_win_64/winavr/bin/../lib/gcc/avr/4.3.3/avr5\libgcc.a(_copy_data.o)
 .bss           0x008000a6        0x0 e:/imt/sdk/imt_sdk_win_64/winavr/bin/../lib/gcc/avr/4.3.3/avr5\libgcc.a(_clear_bss.o)
 .bss           0x008000a6        0x0 e:/imt/sdk/imt_sdk_win_64/winavr/bin/../lib/gcc/avr/4.3.3/../../../../avr/lib/avr5\libc.a(memcpy.o)
 .bss           0x008000a6        0x0 e:/imt/sdk/imt_sdk_win_64/winavr/bin/../lib/gcc/avr/4.3.3/../../../../avr/lib/avr5\libc.a(memset.o)
 *(.bss*)
 .bss.PressedKey
                0x008000a6        0x1 ./UserTasks.o
 .bss.Init_Done
                0x008000a7        0x1 ./UserTasks.o
 .bss.AllHardwareInit_Flag
                0x008000a8        0x2 ./UserTasks.o
 .bss.DisplayFlag
                0x008000aa        0x2 ./UserTasks.o
 .bss.InitTask_Flag
                0x008000ac        0x2 ./UserTasks.o
                0x008000ac                InitTask_Flag
 .bss.xNextFreeByte
                0x008000ae        0x2 ./heap_1.o
 .bss.pucAlignedHeap.1645
                0x008000b0        0x2 ./heap_1.o
 .bss.ucHeap    0x008000b2      0x5dc ./heap_1.o
 .bss.pxCurrentTCB
                0x0080068e        0x2 ./tasks.o
                0x0080068e                pxCurrentTCB
 .bss.uxDeletedTasksWaitingCleanUp
                0x00800690        0x1 ./tasks.o
 .bss.uxCurrentNumberOfTasks
                0x00800691        0x1 ./tasks.o
 .bss.xTickCount
                0x00800692        0x2 ./tasks.o
 .bss.uxTopReadyPriority
                0x00800694        0x1 ./tasks.o
 .bss.xSchedulerRunning
                0x00800695        0x1 ./tasks.o
 .bss.uxPendedTicks
                0x00800696        0x1 ./tasks.o
 .bss.xYieldPending
                0x00800697        0x1 ./tasks.o
 .bss.xNumOfOverflows
                0x00800698        0x1 ./tasks.o
 .bss.uxTaskNumber
                0x00800699        0x1 ./tasks.o
 .bss.xNextTaskUnblockTime
                0x0080069a        0x2 ./tasks.o
 .bss.xIdleTaskHandle
                0x0080069c        0x2 ./tasks.o
 .bss.uxSchedulerSuspended
                0x0080069e        0x1 ./tasks.o
 .bss.pxReadyTasksLists
                0x0080069f       0x24 ./tasks.o
 .bss.xDelayedTaskList1
                0x008006c3        0x9 ./tasks.o
 .bss.xDelayedTaskList2
                0x008006cc        0x9 ./tasks.o
 .bss.pxDelayedTaskList
                0x008006d5        0x2 ./tasks.o
 .bss.pxOverflowDelayedTaskList
                0x008006d7        0x2 ./tasks.o
 .bss.xPendingReadyList
                0x008006d9        0x9 ./tasks.o
 .bss.xTasksWaitingTermination
                0x008006e2        0x9 ./tasks.o
 .bss.xSuspendedTaskList
                0x008006eb        0x9 ./tasks.o
 *(COMMON)
                0x008006f4                PROVIDE (__bss_end, .)
                0x00005482                __data_load_start = LOADADDR (.data)
                0x000054c8                __data_load_end = (__data_load_start + SIZEOF (.data))

.noinit         0x008006f4        0x0
                0x008006f4                PROVIDE (__noinit_start, .)
 *(.noinit*)
                0x008006f4                PROVIDE (__noinit_end, .)
                0x008006f4                _end = .
                0x008006f4                PROVIDE (__heap_start, .)

.eeprom         0x00810000        0x0
 *(.eeprom*)
                0x00810000                __eeprom_end = .

.fuse
 *(.fuse)
 *(.lfuse)
 *(.hfuse)
 *(.efuse)

.lock
 *(.lock*)

.signature
 *(.signature*)

.stab           0x00000000     0x8d54
 *(.stab)
 .stab          0x00000000      0x474 ./DIO.o
 .stab          0x00000474      0x990 ./UserTasks.o
                                0xa2c (size before relaxing)
 .stab          0x00000e04      0x1bc ./croutine.o
                                0x630 (size before relaxing)
 .stab          0x00000fc0      0xde0 ./event_groups.o
                               0x111c (size before relaxing)
 .stab          0x00001da0      0x30c ./heap_1.o
                                0x7bc (size before relaxing)
 .stab          0x000020ac      0x3cc ./keypad.o
                                0x480 (size before relaxing)
 .stab          0x00002478      0x534 ./lcd.o
                                0x750 (size before relaxing)
 .stab          0x000029ac      0x474 ./list.o
                                0x858 (size before relaxing)
 .stab          0x00002e20      0x1c8 ./main.o
                                0x6d8 (size before relaxing)
 .stab          0x00002fe8      0x840 ./port.o
                                0xce4 (size before relaxing)
 .stab          0x00003828     0x1a88 ./queue.o
                               0x1f38 (size before relaxing)
 .stab          0x000052b0     0x1608 ./stream_buffer.o
                               0x1a4c (size before relaxing)
 .stab          0x000068b8     0x22f8 ./tasks.o
                               0x27d8 (size before relaxing)
 .stab          0x00008bb0      0x1a4 ./timers.o
                                0x6b4 (size before relaxing)

.stabstr        0x00000000     0x48f5
 *(.stabstr)
 .stabstr       0x00000000     0x48f5 ./DIO.o

.stab.excl
 *(.stab.excl)

.stab.exclstr
 *(.stab.exclstr)

.stab.index
 *(.stab.index)

.stab.indexstr
 *(.stab.indexstr)

.comment
 *(.comment)

.debug
 *(.debug)

.line
 *(.line)

.debug_srcinfo
 *(.debug_srcinfo)

.debug_sfnames
 *(.debug_sfnames)

.debug_aranges
 *(.debug_aranges)

.debug_pubnames
 *(.debug_pubnames)

.debug_info
 *(.debug_info)
 *(.gnu.linkonce.wi.*)

.debug_abbrev
 *(.debug_abbrev)

.debug_line
 *(.debug_line)

.debug_frame
 *(.debug_frame)

.debug_str
 *(.debug_str)

.debug_loc
 *(.debug_loc)

.debug_macinfo
 *(.debug_macinfo)
OUTPUT(FreeRTOS_SprintsChallenges_UserStory2.elf elf32-avr)
LOAD linker stubs
