Archive member included because of file (symbol)

e:/imt/sdk/imt_sdk_win_64/winavr/bin/../lib/gcc/avr/4.3.3/avr5\libgcc.a(_exit.o)
                              e:/imt/sdk/imt_sdk_win_64/winavr/bin/../lib/gcc/avr/4.3.3/../../../../avr/lib/avr5/crtm32.o (exit)
e:/imt/sdk/imt_sdk_win_64/winavr/bin/../lib/gcc/avr/4.3.3/avr5\libgcc.a(_copy_data.o)
                              ./UserTasks.o (__do_copy_data)
e:/imt/sdk/imt_sdk_win_64/winavr/bin/../lib/gcc/avr/4.3.3/avr5\libgcc.a(_clear_bss.o)
                              ./UserTasks.o (__do_clear_bss)
e:/imt/sdk/imt_sdk_win_64/winavr/bin/../lib/gcc/avr/4.3.3/../../../../avr/lib/avr5\libc.a(memcpy.o)
                              ./queue.o (memcpy)
e:/imt/sdk/imt_sdk_win_64/winavr/bin/../lib/gcc/avr/4.3.3/../../../../avr/lib/avr5\libc.a(memset.o)
                              ./stream_buffer.o (memset)

Memory Configuration

Name             Origin             Length             Attributes
text             0x00000000         0x00020000         xr
data             0x00800060         0x0000ffa0         rw !x
eeprom           0x00810000         0x00010000         rw !x
fuse             0x00820000         0x00000400         rw !x
lock             0x00830000         0x00000400         rw !x
signature        0x00840000         0x00000400         rw !x
*default*        0x00000000         0xffffffff

Linker script and memory map

LOAD e:/imt/sdk/imt_sdk_win_64/winavr/bin/../lib/gcc/avr/4.3.3/../../../../avr/lib/avr5/crtm32.o
LOAD ./DIO.o
LOAD ./UserTasks.o
LOAD ./croutine.o
LOAD ./event_groups.o
LOAD ./heap_1.o
LOAD ./list.o
LOAD ./main.o
LOAD ./port.o
LOAD ./queue.o
LOAD ./stream_buffer.o
LOAD ./tasks.o
LOAD ./timers.o
LOAD e:/imt/sdk/imt_sdk_win_64/winavr/bin/../lib/gcc/avr/4.3.3/avr5\libgcc.a
LOAD e:/imt/sdk/imt_sdk_win_64/winavr/bin/../lib/gcc/avr/4.3.3/../../../../avr/lib/avr5\libc.a
LOAD e:/imt/sdk/imt_sdk_win_64/winavr/bin/../lib/gcc/avr/4.3.3/avr5\libgcc.a

.hash
 *(.hash)

.dynsym
 *(.dynsym)

.dynstr
 *(.dynstr)

.gnu.version
 *(.gnu.version)

.gnu.version_d
 *(.gnu.version_d)

.gnu.version_r
 *(.gnu.version_r)

.rel.init
 *(.rel.init)

.rela.init
 *(.rela.init)

.rel.text
 *(.rel.text)
 *(.rel.text.*)
 *(.rel.gnu.linkonce.t*)

.rela.text
 *(.rela.text)
 *(.rela.text.*)
 *(.rela.gnu.linkonce.t*)

.rel.fini
 *(.rel.fini)

.rela.fini
 *(.rela.fini)

.rel.rodata
 *(.rel.rodata)
 *(.rel.rodata.*)
 *(.rel.gnu.linkonce.r*)

.rela.rodata
 *(.rela.rodata)
 *(.rela.rodata.*)
 *(.rela.gnu.linkonce.r*)

.rel.data
 *(.rel.data)
 *(.rel.data.*)
 *(.rel.gnu.linkonce.d*)

.rela.data
 *(.rela.data)
 *(.rela.data.*)
 *(.rela.gnu.linkonce.d*)

.rel.ctors
 *(.rel.ctors)

.rela.ctors
 *(.rela.ctors)

.rel.dtors
 *(.rel.dtors)

.rela.dtors
 *(.rela.dtors)

.rel.got
 *(.rel.got)

.rela.got
 *(.rela.got)

.rel.bss
 *(.rel.bss)

.rela.bss
 *(.rela.bss)

.rel.plt
 *(.rel.plt)

.rela.plt
 *(.rela.plt)

.text           0x00000000     0x4a3e
 *(.vectors)
 .vectors       0x00000000       0x54 e:/imt/sdk/imt_sdk_win_64/winavr/bin/../lib/gcc/avr/4.3.3/../../../../avr/lib/avr5/crtm32.o
                0x00000000                __vectors
                0x00000000                __vector_default
 *(.vectors)
 *(.progmem.gcc*)
 *(.progmem*)
                0x00000054                . = ALIGN (0x2)
                0x00000054                __trampolines_start = .
 *(.trampolines)
 .trampolines   0x00000054        0x0 linker stubs
 *(.trampolines*)
                0x00000054                __trampolines_end = .
 *(.jumptables)
 *(.jumptables*)
 *(.lowtext)
 *(.lowtext*)
                0x00000054                __ctors_start = .
 *(.ctors)
                0x00000054                __ctors_end = .
                0x00000054                __dtors_start = .
 *(.dtors)
                0x00000054                __dtors_end = .
 SORT(*)(.ctors)
 SORT(*)(.dtors)
 *(.init0)
 .init0         0x00000054        0x0 e:/imt/sdk/imt_sdk_win_64/winavr/bin/../lib/gcc/avr/4.3.3/../../../../avr/lib/avr5/crtm32.o
                0x00000054                __init
 *(.init0)
 *(.init1)
 *(.init1)
 *(.init2)
 .init2         0x00000054        0xc e:/imt/sdk/imt_sdk_win_64/winavr/bin/../lib/gcc/avr/4.3.3/../../../../avr/lib/avr5/crtm32.o
 *(.init2)
 *(.init3)
 *(.init3)
 *(.init4)
 .init4         0x00000060       0x16 e:/imt/sdk/imt_sdk_win_64/winavr/bin/../lib/gcc/avr/4.3.3/avr5\libgcc.a(_copy_data.o)
                0x00000060                __do_copy_data
 .init4         0x00000076       0x10 e:/imt/sdk/imt_sdk_win_64/winavr/bin/../lib/gcc/avr/4.3.3/avr5\libgcc.a(_clear_bss.o)
                0x00000076                __do_clear_bss
 *(.init4)
 *(.init5)
 *(.init5)
 *(.init6)
 *(.init6)
 *(.init7)
 *(.init7)
 *(.init8)
 *(.init8)
 *(.init9)
 .init9         0x00000086        0x8 e:/imt/sdk/imt_sdk_win_64/winavr/bin/../lib/gcc/avr/4.3.3/../../../../avr/lib/avr5/crtm32.o
 *(.init9)
 *(.text)
 .text          0x0000008e        0x4 e:/imt/sdk/imt_sdk_win_64/winavr/bin/../lib/gcc/avr/4.3.3/../../../../avr/lib/avr5/crtm32.o
                0x0000008e                __vector_1
                0x0000008e                __vector_12
                0x0000008e                __bad_interrupt
                0x0000008e                __vector_6
                0x0000008e                __vector_3
                0x0000008e                __vector_11
                0x0000008e                __vector_13
                0x0000008e                __vector_17
                0x0000008e                __vector_19
                0x0000008e                __vector_5
                0x0000008e                __vector_4
                0x0000008e                __vector_9
                0x0000008e                __vector_2
                0x0000008e                __vector_15
                0x0000008e                __vector_8
                0x0000008e                __vector_14
                0x0000008e                __vector_10
                0x0000008e                __vector_16
                0x0000008e                __vector_18
                0x0000008e                __vector_20
 .text          0x00000092        0x0 ./DIO.o
 .text          0x00000092        0x0 ./UserTasks.o
 .text          0x00000092        0x0 ./croutine.o
 .text          0x00000092        0x0 ./event_groups.o
 .text          0x00000092        0x0 ./heap_1.o
 .text          0x00000092        0x0 ./list.o
 .text          0x00000092        0x0 ./main.o
 .text          0x00000092        0x0 ./port.o
 .text          0x00000092        0x0 ./queue.o
 .text          0x00000092        0x0 ./stream_buffer.o
 .text          0x00000092        0x0 ./tasks.o
 .text          0x00000092        0x0 ./timers.o
 .text          0x00000092        0x0 e:/imt/sdk/imt_sdk_win_64/winavr/bin/../lib/gcc/avr/4.3.3/avr5\libgcc.a(_exit.o)
 .text          0x00000092        0x0 e:/imt/sdk/imt_sdk_win_64/winavr/bin/../lib/gcc/avr/4.3.3/avr5\libgcc.a(_copy_data.o)
 .text          0x00000092        0x0 e:/imt/sdk/imt_sdk_win_64/winavr/bin/../lib/gcc/avr/4.3.3/avr5\libgcc.a(_clear_bss.o)
 .text          0x00000092        0x0 e:/imt/sdk/imt_sdk_win_64/winavr/bin/../lib/gcc/avr/4.3.3/../../../../avr/lib/avr5\libc.a(memcpy.o)
 .text          0x00000092        0x0 e:/imt/sdk/imt_sdk_win_64/winavr/bin/../lib/gcc/avr/4.3.3/../../../../avr/lib/avr5\libc.a(memset.o)
                0x00000092                . = ALIGN (0x2)
 *(.text.*)
 .text.DIO_WritePin
                0x00000092      0x1de ./DIO.o
                0x00000092                DIO_WritePin
 .text.DIO_ReadPin
                0x00000270       0xe4 ./DIO.o
                0x00000270                DIO_ReadPin
 .text.DIO_SetPinDirection
                0x00000354      0x1de ./DIO.o
                0x00000354                DIO_SetPinDirection
 .text.init_Task
                0x00000532       0x48 ./UserTasks.o
                0x00000532                init_Task
 .text.LED_Task
                0x0000057a       0x48 ./UserTasks.o
                0x0000057a                LED_Task
 .text.xEventGroupCreate
                0x000005c2       0x3e ./event_groups.o
                0x000005c2                xEventGroupCreate
 .text.xEventGroupSync
                0x00000600      0x172 ./event_groups.o
                0x00000600                xEventGroupSync
 .text.xEventGroupWaitBits
                0x00000772      0x18c ./event_groups.o
                0x00000772                xEventGroupWaitBits
 .text.xEventGroupClearBits
                0x000008fe       0x6c ./event_groups.o
                0x000008fe                xEventGroupClearBits
 .text.xEventGroupGetBitsFromISR
                0x0000096a       0x44 ./event_groups.o
                0x0000096a                xEventGroupGetBitsFromISR
 .text.xEventGroupSetBits
                0x000009ae      0x164 ./event_groups.o
                0x000009ae                xEventGroupSetBits
 .text.vEventGroupDelete
                0x00000b12       0x62 ./event_groups.o
                0x00000b12                vEventGroupDelete
 .text.vEventGroupSetBitsCallback
                0x00000b74       0x3a ./event_groups.o
                0x00000b74                vEventGroupSetBitsCallback
 .text.vEventGroupClearBitsCallback
                0x00000bae       0x3a ./event_groups.o
                0x00000bae                vEventGroupClearBitsCallback
 .text.prvTestWaitCondition
                0x00000be8       0x64 ./event_groups.o
 .text.pvPortMalloc
                0x00000c4c       0xac ./heap_1.o
                0x00000c4c                pvPortMalloc
 .text.vPortFree
                0x00000cf8       0x18 ./heap_1.o
                0x00000cf8                vPortFree
 .text.vPortInitialiseBlocks
                0x00000d10       0x16 ./heap_1.o
                0x00000d10                vPortInitialiseBlocks
 .text.xPortGetFreeHeapSize
                0x00000d26       0x1e ./heap_1.o
                0x00000d26                xPortGetFreeHeapSize
 .text.vListInitialise
                0x00000d44       0x54 ./list.o
                0x00000d44                vListInitialise
 .text.vListInitialiseItem
                0x00000d98       0x20 ./list.o
                0x00000d98                vListInitialiseItem
 .text.vListInsertEnd
                0x00000db8       0x88 ./list.o
                0x00000db8                vListInsertEnd
 .text.vListInsert
                0x00000e40       0xd8 ./list.o
                0x00000e40                vListInsert
 .text.uxListRemove
                0x00000f18       0x98 ./list.o
                0x00000f18                uxListRemove
 .text.main     0x00000fb0       0x46 ./main.o
                0x00000fb0                main
 .text.pxPortInitialiseStack
                0x00000ff6      0x306 ./port.o
                0x00000ff6                pxPortInitialiseStack
 .text.xPortStartScheduler
                0x000012fc       0x6a ./port.o
                0x000012fc                xPortStartScheduler
 .text.vPortEndScheduler
                0x00001366        0xe ./port.o
                0x00001366                vPortEndScheduler
 .text.vPortYield
                0x00001374       0xb2 ./port.o
                0x00001374                vPortYield
 .text.vPortYieldFromTick
                0x00001426       0xba ./port.o
                0x00001426                vPortYieldFromTick
 .text.prvSetupTimerInterrupt
                0x000014e0       0xb8 ./port.o
 .text.__vector_7
                0x00001598        0x6 ./port.o
                0x00001598                __vector_7
 .text.xQueueGenericReset
                0x0000159e      0x10c ./queue.o
                0x0000159e                xQueueGenericReset
 .text.xQueueGenericCreate
                0x000016aa       0xa2 ./queue.o
                0x000016aa                xQueueGenericCreate
 .text.prvInitialiseNewQueue
                0x0000174c       0x76 ./queue.o
 .text.xQueueGenericSend
                0x000017c2      0x158 ./queue.o
                0x000017c2                xQueueGenericSend
 .text.xQueueGenericSendFromISR
                0x0000191a       0xb0 ./queue.o
                0x0000191a                xQueueGenericSendFromISR
 .text.xQueueGiveFromISR
                0x000019ca       0xa2 ./queue.o
                0x000019ca                xQueueGiveFromISR
 .text.xQueueReceive
                0x00001a6c      0x156 ./queue.o
                0x00001a6c                xQueueReceive
 .text.xQueueSemaphoreTake
                0x00001bc2      0x144 ./queue.o
                0x00001bc2                xQueueSemaphoreTake
 .text.xQueuePeek
                0x00001d06      0x164 ./queue.o
                0x00001d06                xQueuePeek
 .text.xQueueReceiveFromISR
                0x00001e6a       0xae ./queue.o
                0x00001e6a                xQueueReceiveFromISR
 .text.xQueuePeekFromISR
                0x00001f18       0x72 ./queue.o
                0x00001f18                xQueuePeekFromISR
 .text.uxQueueMessagesWaiting
                0x00001f8a       0x30 ./queue.o
                0x00001f8a                uxQueueMessagesWaiting
 .text.uxQueueSpacesAvailable
                0x00001fba       0x4a ./queue.o
                0x00001fba                uxQueueSpacesAvailable
 .text.uxQueueMessagesWaitingFromISR
                0x00002004       0x34 ./queue.o
                0x00002004                uxQueueMessagesWaitingFromISR
 .text.vQueueDelete
                0x00002038       0x2e ./queue.o
                0x00002038                vQueueDelete
 .text.prvCopyDataToQueue
                0x00002066      0x14c ./queue.o
 .text.prvCopyDataFromQueue
                0x000021b2       0x8e ./queue.o
 .text.prvUnlockQueue
                0x00002240       0xa6 ./queue.o
 .text.prvIsQueueEmpty
                0x000022e6       0x3a ./queue.o
 .text.xQueueIsQueueEmptyFromISR
                0x00002320       0x3e ./queue.o
                0x00002320                xQueueIsQueueEmptyFromISR
 .text.prvIsQueueFull
                0x0000235e       0x40 ./queue.o
 .text.xQueueIsQueueFullFromISR
                0x0000239e       0x44 ./queue.o
                0x0000239e                xQueueIsQueueFullFromISR
 .text.xStreamBufferGenericCreate
                0x000023e2       0x98 ./stream_buffer.o
                0x000023e2                xStreamBufferGenericCreate
 .text.vStreamBufferDelete
                0x0000247a       0x52 ./stream_buffer.o
                0x0000247a                vStreamBufferDelete
 .text.xStreamBufferReset
                0x000024cc       0x84 ./stream_buffer.o
                0x000024cc                xStreamBufferReset
 .text.xStreamBufferSetTriggerLevel
                0x00002550       0x6e ./stream_buffer.o
                0x00002550                xStreamBufferSetTriggerLevel
 .text.xStreamBufferSpacesAvailable
                0x000025be       0x8c ./stream_buffer.o
                0x000025be                xStreamBufferSpacesAvailable
 .text.xStreamBufferBytesAvailable
                0x0000264a       0x3c ./stream_buffer.o
                0x0000264a                xStreamBufferBytesAvailable
 .text.xStreamBufferSend
                0x00002686      0x190 ./stream_buffer.o
                0x00002686                xStreamBufferSend
 .text.xStreamBufferSendFromISR
                0x00002816       0xfa ./stream_buffer.o
                0x00002816                xStreamBufferSendFromISR
 .text.prvWriteMessageToBuffer
                0x00002910       0xe4 ./stream_buffer.o
 .text.xStreamBufferReceive
                0x000029f4      0x174 ./stream_buffer.o
                0x000029f4                xStreamBufferReceive
 .text.xStreamBufferNextMessageLengthBytes
                0x00002b68       0xa4 ./stream_buffer.o
                0x00002b68                xStreamBufferNextMessageLengthBytes
 .text.xStreamBufferReceiveFromISR
                0x00002c0c       0xf0 ./stream_buffer.o
                0x00002c0c                xStreamBufferReceiveFromISR
 .text.prvReadMessageFromBuffer
                0x00002cfc       0xd8 ./stream_buffer.o
 .text.xStreamBufferIsEmpty
                0x00002dd4       0x5a ./stream_buffer.o
                0x00002dd4                xStreamBufferIsEmpty
 .text.xStreamBufferIsFull
                0x00002e2e       0x70 ./stream_buffer.o
                0x00002e2e                xStreamBufferIsFull
 .text.xStreamBufferSendCompletedFromISR
                0x00002e9e       0x86 ./stream_buffer.o
                0x00002e9e                xStreamBufferSendCompletedFromISR
 .text.xStreamBufferReceiveCompletedFromISR
                0x00002f24       0x86 ./stream_buffer.o
                0x00002f24                xStreamBufferReceiveCompletedFromISR
 .text.prvWriteBytesToBuffer
                0x00002faa      0x11a ./stream_buffer.o
 .text.prvReadBytesFromBuffer
                0x000030c4      0x15a ./stream_buffer.o
 .text.prvBytesInBuffer
                0x0000321e       0x74 ./stream_buffer.o
 .text.prvInitialiseNewStreamBuffer
                0x00003292       0x78 ./stream_buffer.o
 .text.xTaskCreate
                0x0000330a       0xf0 ./tasks.o
                0x0000330a                xTaskCreate
 .text.prvInitialiseNewTask
                0x000033fa      0x178 ./tasks.o
 .text.prvAddNewTaskToReadyList
                0x00003572       0xf0 ./tasks.o
 .text.vTaskDelete
                0x00003662       0xe4 ./tasks.o
                0x00003662                vTaskDelete
 .text.vTaskDelay
                0x00003746       0x44 ./tasks.o
                0x00003746                vTaskDelay
 .text.vTaskStartScheduler
                0x0000378a       0x64 ./tasks.o
                0x0000378a                vTaskStartScheduler
 .text.vTaskEndScheduler
                0x000037ee       0x18 ./tasks.o
                0x000037ee                vTaskEndScheduler
 .text.vTaskSuspendAll
                0x00003806       0x18 ./tasks.o
                0x00003806                vTaskSuspendAll
 .text.xTaskResumeAll
                0x0000381e      0x126 ./tasks.o
                0x0000381e                xTaskResumeAll
 .text.xTaskGetTickCount
                0x00003944       0x2e ./tasks.o
                0x00003944                xTaskGetTickCount
 .text.xTaskGetTickCountFromISR
                0x00003972       0x2a ./tasks.o
                0x00003972                xTaskGetTickCountFromISR
 .text.uxTaskGetNumberOfTasks
                0x0000399c       0x12 ./tasks.o
                0x0000399c                uxTaskGetNumberOfTasks
 .text.pcTaskGetName
                0x000039ae       0x50 ./tasks.o
                0x000039ae                pcTaskGetName
 .text.xTaskIncrementTick
                0x000039fe      0x1ca ./tasks.o
                0x000039fe                xTaskIncrementTick
 .text.vTaskSwitchContext
                0x00003bc8       0xda ./tasks.o
                0x00003bc8                vTaskSwitchContext
 .text.vTaskPlaceOnEventList
                0x00003ca2       0x44 ./tasks.o
                0x00003ca2                vTaskPlaceOnEventList
 .text.vTaskPlaceOnUnorderedEventList
                0x00003ce6       0x60 ./tasks.o
                0x00003ce6                vTaskPlaceOnUnorderedEventList
 .text.xTaskRemoveFromEventList
                0x00003d46       0xd6 ./tasks.o
                0x00003d46                xTaskRemoveFromEventList
 .text.vTaskRemoveFromUnorderedEventList
                0x00003e1c       0xba ./tasks.o
                0x00003e1c                vTaskRemoveFromUnorderedEventList
 .text.vTaskSetTimeOutState
                0x00003ed6       0x3c ./tasks.o
                0x00003ed6                vTaskSetTimeOutState
 .text.vTaskInternalSetTimeOutState
                0x00003f12       0x32 ./tasks.o
                0x00003f12                vTaskInternalSetTimeOutState
 .text.xTaskCheckForTimeOut
                0x00003f44       0xc6 ./tasks.o
                0x00003f44                xTaskCheckForTimeOut
 .text.vTaskMissedYield
                0x0000400a       0x14 ./tasks.o
                0x0000400a                vTaskMissedYield
 .text.prvIdleTask
                0x0000401e       0x14 ./tasks.o
 .text.prvInitialiseTaskLists
                0x00004032       0x7a ./tasks.o
 .text.prvCheckTasksWaitingTermination
                0x000040ac       0x5e ./tasks.o
 .text.prvDeleteTCB
                0x0000410a       0x2c ./tasks.o
 .text.prvResetNextTaskUnblockTime
                0x00004136       0x56 ./tasks.o
 .text.xTaskGetCurrentTaskHandle
                0x0000418c       0x24 ./tasks.o
                0x0000418c                xTaskGetCurrentTaskHandle
 .text.uxTaskResetEventItemValue
                0x000041b0       0x4e ./tasks.o
                0x000041b0                uxTaskResetEventItemValue
 .text.ulTaskNotifyTake
                0x000041fe       0xee ./tasks.o
                0x000041fe                ulTaskNotifyTake
 .text.xTaskNotifyWait
                0x000042ec      0x138 ./tasks.o
                0x000042ec                xTaskNotifyWait
 .text.xTaskGenericNotify
                0x00004424      0x1ba ./tasks.o
                0x00004424                xTaskGenericNotify
 .text.xTaskGenericNotifyFromISR
                0x000045de      0x1f0 ./tasks.o
                0x000045de                xTaskGenericNotifyFromISR
 .text.vTaskNotifyGiveFromISR
                0x000047ce      0x10c ./tasks.o
                0x000047ce                vTaskNotifyGiveFromISR
 .text.xTaskNotifyStateClear
                0x000048da       0x74 ./tasks.o
                0x000048da                xTaskNotifyStateClear
 .text.prvAddCurrentTaskToDelayedList
                0x0000494e       0xcc ./tasks.o
 .text.libgcc   0x00004a1a        0x0 e:/imt/sdk/imt_sdk_win_64/winavr/bin/../lib/gcc/avr/4.3.3/avr5\libgcc.a(_exit.o)
 .text.libgcc   0x00004a1a        0x0 e:/imt/sdk/imt_sdk_win_64/winavr/bin/../lib/gcc/avr/4.3.3/avr5\libgcc.a(_copy_data.o)
 .text.libgcc   0x00004a1a        0x0 e:/imt/sdk/imt_sdk_win_64/winavr/bin/../lib/gcc/avr/4.3.3/avr5\libgcc.a(_clear_bss.o)
 .text.avr-libc
                0x00004a1a       0x12 e:/imt/sdk/imt_sdk_win_64/winavr/bin/../lib/gcc/avr/4.3.3/../../../../avr/lib/avr5\libc.a(memcpy.o)
                0x00004a1a                memcpy
 .text.avr-libc
                0x00004a2c        0xe e:/imt/sdk/imt_sdk_win_64/winavr/bin/../lib/gcc/avr/4.3.3/../../../../avr/lib/avr5\libc.a(memset.o)
                0x00004a2c                memset
                0x00004a3a                . = ALIGN (0x2)
 *(.fini9)
 .fini9         0x00004a3a        0x0 e:/imt/sdk/imt_sdk_win_64/winavr/bin/../lib/gcc/avr/4.3.3/avr5\libgcc.a(_exit.o)
                0x00004a3a                exit
                0x00004a3a                _exit
 *(.fini9)
 *(.fini8)
 *(.fini8)
 *(.fini7)
 *(.fini7)
 *(.fini6)
 *(.fini6)
 *(.fini5)
 *(.fini5)
 *(.fini4)
 *(.fini4)
 *(.fini3)
 *(.fini3)
 *(.fini2)
 *(.fini2)
 *(.fini1)
 *(.fini1)
 *(.fini0)
 .fini0         0x00004a3a        0x4 e:/imt/sdk/imt_sdk_win_64/winavr/bin/../lib/gcc/avr/4.3.3/avr5\libgcc.a(_exit.o)
 *(.fini0)
                0x00004a3e                _etext = .

.data           0x00800060       0x18 load address 0x00004a3e
                0x00800060                PROVIDE (__data_start, .)
 *(.data)
 .data          0x00800060        0x0 e:/imt/sdk/imt_sdk_win_64/winavr/bin/../lib/gcc/avr/4.3.3/../../../../avr/lib/avr5/crtm32.o
 .data          0x00800060        0x0 ./DIO.o
 .data          0x00800060        0x9 ./UserTasks.o
 .data          0x00800069        0x0 ./croutine.o
 .data          0x00800069        0x0 ./event_groups.o
 .data          0x00800069        0x0 ./heap_1.o
 .data          0x00800069        0x0 ./list.o
 .data          0x00800069        0xa ./main.o
 .data          0x00800073        0x0 ./port.o
 .data          0x00800073        0x0 ./queue.o
 .data          0x00800073        0x0 ./stream_buffer.o
 .data          0x00800073        0x5 ./tasks.o
 .data          0x00800078        0x0 ./timers.o
 .data          0x00800078        0x0 e:/imt/sdk/imt_sdk_win_64/winavr/bin/../lib/gcc/avr/4.3.3/avr5\libgcc.a(_exit.o)
 .data          0x00800078        0x0 e:/imt/sdk/imt_sdk_win_64/winavr/bin/../lib/gcc/avr/4.3.3/avr5\libgcc.a(_copy_data.o)
 .data          0x00800078        0x0 e:/imt/sdk/imt_sdk_win_64/winavr/bin/../lib/gcc/avr/4.3.3/avr5\libgcc.a(_clear_bss.o)
 .data          0x00800078        0x0 e:/imt/sdk/imt_sdk_win_64/winavr/bin/../lib/gcc/avr/4.3.3/../../../../avr/lib/avr5\libc.a(memcpy.o)
 .data          0x00800078        0x0 e:/imt/sdk/imt_sdk_win_64/winavr/bin/../lib/gcc/avr/4.3.3/../../../../avr/lib/avr5\libc.a(memset.o)
 *(.data*)
 *(.rodata)
 *(.rodata*)
 *(.gnu.linkonce.d*)
                0x00800078                . = ALIGN (0x2)
                0x00800078                _edata = .
                0x00800078                PROVIDE (__data_end, .)

.bss            0x00800078      0x63e
                0x00800078                PROVIDE (__bss_start, .)
 *(.bss)
 .bss           0x00800078        0x0 e:/imt/sdk/imt_sdk_win_64/winavr/bin/../lib/gcc/avr/4.3.3/../../../../avr/lib/avr5/crtm32.o
 .bss           0x00800078        0x0 ./DIO.o
 .bss           0x00800078        0x0 ./UserTasks.o
 .bss           0x00800078        0x0 ./croutine.o
 .bss           0x00800078        0x0 ./event_groups.o
 .bss           0x00800078        0x0 ./heap_1.o
 .bss           0x00800078        0x0 ./list.o
 .bss           0x00800078        0x0 ./main.o
 .bss           0x00800078        0x0 ./port.o
 .bss           0x00800078        0x0 ./queue.o
 .bss           0x00800078        0x0 ./stream_buffer.o
 .bss           0x00800078        0x0 ./tasks.o
 .bss           0x00800078        0x0 ./timers.o
 .bss           0x00800078        0x0 e:/imt/sdk/imt_sdk_win_64/winavr/bin/../lib/gcc/avr/4.3.3/avr5\libgcc.a(_exit.o)
 .bss           0x00800078        0x0 e:/imt/sdk/imt_sdk_win_64/winavr/bin/../lib/gcc/avr/4.3.3/avr5\libgcc.a(_copy_data.o)
 .bss           0x00800078        0x0 e:/imt/sdk/imt_sdk_win_64/winavr/bin/../lib/gcc/avr/4.3.3/avr5\libgcc.a(_clear_bss.o)
 .bss           0x00800078        0x0 e:/imt/sdk/imt_sdk_win_64/winavr/bin/../lib/gcc/avr/4.3.3/../../../../avr/lib/avr5\libc.a(memcpy.o)
 .bss           0x00800078        0x0 e:/imt/sdk/imt_sdk_win_64/winavr/bin/../lib/gcc/avr/4.3.3/../../../../avr/lib/avr5\libc.a(memset.o)
 *(.bss*)
 .bss.Toggle_State.1562
                0x00800078        0x1 ./UserTasks.o
 .bss.xNextFreeByte
                0x00800079        0x2 ./heap_1.o
 .bss.pucAlignedHeap.1645
                0x0080007b        0x2 ./heap_1.o
 .bss.ucHeap    0x0080007d      0x5dc ./heap_1.o
 .bss.pxCurrentTCB
                0x00800659        0x2 ./tasks.o
                0x00800659                pxCurrentTCB
 .bss.uxDeletedTasksWaitingCleanUp
                0x0080065b        0x1 ./tasks.o
 .bss.uxCurrentNumberOfTasks
                0x0080065c        0x1 ./tasks.o
 .bss.xTickCount
                0x0080065d        0x2 ./tasks.o
 .bss.uxTopReadyPriority
                0x0080065f        0x1 ./tasks.o
 .bss.xSchedulerRunning
                0x00800660        0x1 ./tasks.o
 .bss.uxPendedTicks
                0x00800661        0x1 ./tasks.o
 .bss.xYieldPending
                0x00800662        0x1 ./tasks.o
 .bss.xNumOfOverflows
                0x00800663        0x1 ./tasks.o
 .bss.uxTaskNumber
                0x00800664        0x1 ./tasks.o
 .bss.xNextTaskUnblockTime
                0x00800665        0x2 ./tasks.o
 .bss.xIdleTaskHandle
                0x00800667        0x2 ./tasks.o
 .bss.uxSchedulerSuspended
                0x00800669        0x1 ./tasks.o
 .bss.pxReadyTasksLists
                0x0080066a       0x24 ./tasks.o
 .bss.xDelayedTaskList1
                0x0080068e        0x9 ./tasks.o
 .bss.xDelayedTaskList2
                0x00800697        0x9 ./tasks.o
 .bss.pxDelayedTaskList
                0x008006a0        0x2 ./tasks.o
 .bss.pxOverflowDelayedTaskList
                0x008006a2        0x2 ./tasks.o
 .bss.xPendingReadyList
                0x008006a4        0x9 ./tasks.o
 .bss.xTasksWaitingTermination
                0x008006ad        0x9 ./tasks.o
 *(COMMON)
                0x008006b6                PROVIDE (__bss_end, .)
                0x00004a3e                __data_load_start = LOADADDR (.data)
                0x00004a56                __data_load_end = (__data_load_start + SIZEOF (.data))

.noinit         0x008006b6        0x0
                0x008006b6                PROVIDE (__noinit_start, .)
 *(.noinit*)
                0x008006b6                PROVIDE (__noinit_end, .)
                0x008006b6                _end = .
                0x008006b6                PROVIDE (__heap_start, .)

.eeprom         0x00810000        0x0
 *(.eeprom*)
                0x00810000                __eeprom_end = .

.fuse
 *(.fuse)
 *(.lfuse)
 *(.hfuse)
 *(.efuse)

.lock
 *(.lock*)

.signature
 *(.signature*)

.stab           0x00000000     0x7e0c
 *(.stab)
 .stab          0x00000000      0x474 ./DIO.o
 .stab          0x00000474      0x6f0 ./UserTasks.o
                                0x78c (size before relaxing)
 .stab          0x00000b64      0x1bc ./croutine.o
                                0x630 (size before relaxing)
 .stab          0x00000d20      0xde0 ./event_groups.o
                               0x111c (size before relaxing)
 .stab          0x00001b00      0x30c ./heap_1.o
                                0x7bc (size before relaxing)
 .stab          0x00001e0c      0x474 ./list.o
                                0x858 (size before relaxing)
 .stab          0x00002280      0x204 ./main.o
                                0x714 (size before relaxing)
 .stab          0x00002484      0x840 ./port.o
                                0xce4 (size before relaxing)
 .stab          0x00002cc4     0x1a88 ./queue.o
                               0x1f38 (size before relaxing)
 .stab          0x0000474c     0x1608 ./stream_buffer.o
                               0x1a4c (size before relaxing)
 .stab          0x00005d54     0x1f14 ./tasks.o
                               0x23f4 (size before relaxing)
 .stab          0x00007c68      0x1a4 ./timers.o
                                0x6b4 (size before relaxing)

.stabstr        0x00000000     0x4505
 *(.stabstr)
 .stabstr       0x00000000     0x4505 ./DIO.o

.stab.excl
 *(.stab.excl)

.stab.exclstr
 *(.stab.exclstr)

.stab.index
 *(.stab.index)

.stab.indexstr
 *(.stab.indexstr)

.comment
 *(.comment)

.debug
 *(.debug)

.line
 *(.line)

.debug_srcinfo
 *(.debug_srcinfo)

.debug_sfnames
 *(.debug_sfnames)

.debug_aranges
 *(.debug_aranges)

.debug_pubnames
 *(.debug_pubnames)

.debug_info
 *(.debug_info)
 *(.gnu.linkonce.wi.*)

.debug_abbrev
 *(.debug_abbrev)

.debug_line
 *(.debug_line)

.debug_frame
 *(.debug_frame)

.debug_str
 *(.debug_str)

.debug_loc
 *(.debug_loc)

.debug_macinfo
 *(.debug_macinfo)
OUTPUT(FreeRTOS_Challenge.elf elf32-avr)
LOAD linker stubs
