Archive member included because of file (symbol)

e:/imt/sdk/imt_sdk_win_64/winavr/bin/../lib/gcc/avr/4.3.3/avr5\libgcc.a(_exit.o)
                              e:/imt/sdk/imt_sdk_win_64/winavr/bin/../lib/gcc/avr/4.3.3/../../../../avr/lib/avr5/crtm32.o (exit)
e:/imt/sdk/imt_sdk_win_64/winavr/bin/../lib/gcc/avr/4.3.3/avr5\libgcc.a(_copy_data.o)
                              ./UserTasks.o (__do_copy_data)
e:/imt/sdk/imt_sdk_win_64/winavr/bin/../lib/gcc/avr/4.3.3/avr5\libgcc.a(_clear_bss.o)
                              ./UserTasks.o (__do_clear_bss)
e:/imt/sdk/imt_sdk_win_64/winavr/bin/../lib/gcc/avr/4.3.3/../../../../avr/lib/avr5\libc.a(memcpy.o)
                              ./queue.o (memcpy)
e:/imt/sdk/imt_sdk_win_64/winavr/bin/../lib/gcc/avr/4.3.3/../../../../avr/lib/avr5\libc.a(memset.o)
                              ./stream_buffer.o (memset)

Memory Configuration

Name             Origin             Length             Attributes
text             0x00000000         0x00020000         xr
data             0x00800060         0x0000ffa0         rw !x
eeprom           0x00810000         0x00010000         rw !x
fuse             0x00820000         0x00000400         rw !x
lock             0x00830000         0x00000400         rw !x
signature        0x00840000         0x00000400         rw !x
*default*        0x00000000         0xffffffff

Linker script and memory map

LOAD e:/imt/sdk/imt_sdk_win_64/winavr/bin/../lib/gcc/avr/4.3.3/../../../../avr/lib/avr5/crtm32.o
LOAD ./DIO.o
LOAD ./PushButton.o
LOAD ./UserTasks.o
LOAD ./croutine.o
LOAD ./event_groups.o
LOAD ./heap_1.o
LOAD ./lcd.o
LOAD ./list.o
LOAD ./main.o
LOAD ./port.o
LOAD ./queue.o
LOAD ./stream_buffer.o
LOAD ./tasks.o
LOAD ./timers.o
LOAD e:/imt/sdk/imt_sdk_win_64/winavr/bin/../lib/gcc/avr/4.3.3/avr5\libgcc.a
LOAD e:/imt/sdk/imt_sdk_win_64/winavr/bin/../lib/gcc/avr/4.3.3/../../../../avr/lib/avr5\libc.a
LOAD e:/imt/sdk/imt_sdk_win_64/winavr/bin/../lib/gcc/avr/4.3.3/avr5\libgcc.a

.hash
 *(.hash)

.dynsym
 *(.dynsym)

.dynstr
 *(.dynstr)

.gnu.version
 *(.gnu.version)

.gnu.version_d
 *(.gnu.version_d)

.gnu.version_r
 *(.gnu.version_r)

.rel.init
 *(.rel.init)

.rela.init
 *(.rela.init)

.rel.text
 *(.rel.text)
 *(.rel.text.*)
 *(.rel.gnu.linkonce.t*)

.rela.text
 *(.rela.text)
 *(.rela.text.*)
 *(.rela.gnu.linkonce.t*)

.rel.fini
 *(.rel.fini)

.rela.fini
 *(.rela.fini)

.rel.rodata
 *(.rel.rodata)
 *(.rel.rodata.*)
 *(.rel.gnu.linkonce.r*)

.rela.rodata
 *(.rela.rodata)
 *(.rela.rodata.*)
 *(.rela.gnu.linkonce.r*)

.rel.data
 *(.rel.data)
 *(.rel.data.*)
 *(.rel.gnu.linkonce.d*)

.rela.data
 *(.rela.data)
 *(.rela.data.*)
 *(.rela.gnu.linkonce.d*)

.rel.ctors
 *(.rel.ctors)

.rela.ctors
 *(.rela.ctors)

.rel.dtors
 *(.rel.dtors)

.rela.dtors
 *(.rela.dtors)

.rel.got
 *(.rel.got)

.rela.got
 *(.rela.got)

.rel.bss
 *(.rel.bss)

.rela.bss
 *(.rela.bss)

.rel.plt
 *(.rel.plt)

.rela.plt
 *(.rela.plt)

.text           0x00000000     0x53a2
 *(.vectors)
 .vectors       0x00000000       0x54 e:/imt/sdk/imt_sdk_win_64/winavr/bin/../lib/gcc/avr/4.3.3/../../../../avr/lib/avr5/crtm32.o
                0x00000000                __vectors
                0x00000000                __vector_default
 *(.vectors)
 *(.progmem.gcc*)
 *(.progmem*)
                0x00000054                . = ALIGN (0x2)
                0x00000054                __trampolines_start = .
 *(.trampolines)
 .trampolines   0x00000054        0x0 linker stubs
 *(.trampolines*)
                0x00000054                __trampolines_end = .
 *(.jumptables)
 *(.jumptables*)
 *(.lowtext)
 *(.lowtext*)
                0x00000054                __ctors_start = .
 *(.ctors)
                0x00000054                __ctors_end = .
                0x00000054                __dtors_start = .
 *(.dtors)
                0x00000054                __dtors_end = .
 SORT(*)(.ctors)
 SORT(*)(.dtors)
 *(.init0)
 .init0         0x00000054        0x0 e:/imt/sdk/imt_sdk_win_64/winavr/bin/../lib/gcc/avr/4.3.3/../../../../avr/lib/avr5/crtm32.o
                0x00000054                __init
 *(.init0)
 *(.init1)
 *(.init1)
 *(.init2)
 .init2         0x00000054        0xc e:/imt/sdk/imt_sdk_win_64/winavr/bin/../lib/gcc/avr/4.3.3/../../../../avr/lib/avr5/crtm32.o
 *(.init2)
 *(.init3)
 *(.init3)
 *(.init4)
 .init4         0x00000060       0x16 e:/imt/sdk/imt_sdk_win_64/winavr/bin/../lib/gcc/avr/4.3.3/avr5\libgcc.a(_copy_data.o)
                0x00000060                __do_copy_data
 .init4         0x00000076       0x10 e:/imt/sdk/imt_sdk_win_64/winavr/bin/../lib/gcc/avr/4.3.3/avr5\libgcc.a(_clear_bss.o)
                0x00000076                __do_clear_bss
 *(.init4)
 *(.init5)
 *(.init5)
 *(.init6)
 *(.init6)
 *(.init7)
 *(.init7)
 *(.init8)
 *(.init8)
 *(.init9)
 .init9         0x00000086        0x8 e:/imt/sdk/imt_sdk_win_64/winavr/bin/../lib/gcc/avr/4.3.3/../../../../avr/lib/avr5/crtm32.o
 *(.init9)
 *(.text)
 .text          0x0000008e        0x4 e:/imt/sdk/imt_sdk_win_64/winavr/bin/../lib/gcc/avr/4.3.3/../../../../avr/lib/avr5/crtm32.o
                0x0000008e                __vector_1
                0x0000008e                __vector_12
                0x0000008e                __bad_interrupt
                0x0000008e                __vector_6
                0x0000008e                __vector_3
                0x0000008e                __vector_11
                0x0000008e                __vector_13
                0x0000008e                __vector_17
                0x0000008e                __vector_19
                0x0000008e                __vector_5
                0x0000008e                __vector_4
                0x0000008e                __vector_9
                0x0000008e                __vector_2
                0x0000008e                __vector_15
                0x0000008e                __vector_8
                0x0000008e                __vector_14
                0x0000008e                __vector_10
                0x0000008e                __vector_16
                0x0000008e                __vector_18
                0x0000008e                __vector_20
 .text          0x00000092        0x0 ./DIO.o
 .text          0x00000092        0x0 ./PushButton.o
 .text          0x00000092        0x0 ./UserTasks.o
 .text          0x00000092        0x0 ./croutine.o
 .text          0x00000092        0x0 ./event_groups.o
 .text          0x00000092        0x0 ./heap_1.o
 .text          0x00000092        0x0 ./lcd.o
 .text          0x00000092        0x0 ./list.o
 .text          0x00000092        0x0 ./main.o
 .text          0x00000092        0x0 ./port.o
 .text          0x00000092        0x0 ./queue.o
 .text          0x00000092        0x0 ./stream_buffer.o
 .text          0x00000092        0x0 ./tasks.o
 .text          0x00000092        0x0 ./timers.o
 .text          0x00000092        0x0 e:/imt/sdk/imt_sdk_win_64/winavr/bin/../lib/gcc/avr/4.3.3/avr5\libgcc.a(_exit.o)
 .text          0x00000092        0x0 e:/imt/sdk/imt_sdk_win_64/winavr/bin/../lib/gcc/avr/4.3.3/avr5\libgcc.a(_copy_data.o)
 .text          0x00000092        0x0 e:/imt/sdk/imt_sdk_win_64/winavr/bin/../lib/gcc/avr/4.3.3/avr5\libgcc.a(_clear_bss.o)
 .text          0x00000092        0x0 e:/imt/sdk/imt_sdk_win_64/winavr/bin/../lib/gcc/avr/4.3.3/../../../../avr/lib/avr5\libc.a(memcpy.o)
 .text          0x00000092        0x0 e:/imt/sdk/imt_sdk_win_64/winavr/bin/../lib/gcc/avr/4.3.3/../../../../avr/lib/avr5\libc.a(memset.o)
                0x00000092                . = ALIGN (0x2)
 *(.text.*)
 .text.DIO_WritePin
                0x00000092      0x1de ./DIO.o
                0x00000092                DIO_WritePin
 .text.DIO_ReadPin
                0x00000270       0xe4 ./DIO.o
                0x00000270                DIO_ReadPin
 .text.DIO_SetPinDirection
                0x00000354      0x1de ./DIO.o
                0x00000354                DIO_SetPinDirection
 .text.PushButton_Init
                0x00000532       0x1e ./PushButton.o
                0x00000532                PushButton_Init
 .text.Buttons_getPressedButton
                0x00000550       0x36 ./PushButton.o
                0x00000550                Buttons_getPressedButton
 .text.init_Task
                0x00000586       0xc6 ./UserTasks.o
                0x00000586                init_Task
 .text.All_Hardware_Init_Task
                0x0000064c       0x24 ./UserTasks.o
                0x0000064c                All_Hardware_Init_Task
 .text.PushButton_Task
                0x00000670       0xd4 ./UserTasks.o
                0x00000670                PushButton_Task
 .text.LCD_Task
                0x00000744      0x182 ./UserTasks.o
                0x00000744                LCD_Task
 .text.SendHallo_Task
                0x000008c6       0x38 ./UserTasks.o
                0x000008c6                SendHallo_Task
 .text.xEventGroupCreate
                0x000008fe       0x3e ./event_groups.o
                0x000008fe                xEventGroupCreate
 .text.xEventGroupSync
                0x0000093c      0x172 ./event_groups.o
                0x0000093c                xEventGroupSync
 .text.xEventGroupWaitBits
                0x00000aae      0x18c ./event_groups.o
                0x00000aae                xEventGroupWaitBits
 .text.xEventGroupClearBits
                0x00000c3a       0x6c ./event_groups.o
                0x00000c3a                xEventGroupClearBits
 .text.xEventGroupGetBitsFromISR
                0x00000ca6       0x44 ./event_groups.o
                0x00000ca6                xEventGroupGetBitsFromISR
 .text.xEventGroupSetBits
                0x00000cea      0x164 ./event_groups.o
                0x00000cea                xEventGroupSetBits
 .text.vEventGroupDelete
                0x00000e4e       0x62 ./event_groups.o
                0x00000e4e                vEventGroupDelete
 .text.vEventGroupSetBitsCallback
                0x00000eb0       0x3a ./event_groups.o
                0x00000eb0                vEventGroupSetBitsCallback
 .text.vEventGroupClearBitsCallback
                0x00000eea       0x3a ./event_groups.o
                0x00000eea                vEventGroupClearBitsCallback
 .text.prvTestWaitCondition
                0x00000f24       0x64 ./event_groups.o
 .text.pvPortMalloc
                0x00000f88       0xac ./heap_1.o
                0x00000f88                pvPortMalloc
 .text.vPortFree
                0x00001034       0x18 ./heap_1.o
                0x00001034                vPortFree
 .text.vPortInitialiseBlocks
                0x0000104c       0x16 ./heap_1.o
                0x0000104c                vPortInitialiseBlocks
 .text.xPortGetFreeHeapSize
                0x00001062       0x1e ./heap_1.o
                0x00001062                xPortGetFreeHeapSize
 .text.LCD_init
                0x00001080       0x42 ./lcd.o
                0x00001080                LCD_init
 .text.LCD_sendCommand
                0x000010c2       0xda ./lcd.o
                0x000010c2                LCD_sendCommand
 .text.LCD_displayCharacter
                0x0000119c       0xda ./lcd.o
                0x0000119c                LCD_displayCharacter
 .text.LCD_displayString
                0x00001276       0x52 ./lcd.o
                0x00001276                LCD_displayString
 .text.LCD_goToRowColumn
                0x000012c8       0x84 ./lcd.o
                0x000012c8                LCD_goToRowColumn
 .text.LCD_displayStringRowColumn
                0x0000134c       0x32 ./lcd.o
                0x0000134c                LCD_displayStringRowColumn
 .text.LCD_clearScreen
                0x0000137e       0x14 ./lcd.o
                0x0000137e                LCD_clearScreen
 .text.vListInitialise
                0x00001392       0x54 ./list.o
                0x00001392                vListInitialise
 .text.vListInitialiseItem
                0x000013e6       0x20 ./list.o
                0x000013e6                vListInitialiseItem
 .text.vListInsertEnd
                0x00001406       0x88 ./list.o
                0x00001406                vListInsertEnd
 .text.vListInsert
                0x0000148e       0xd8 ./list.o
                0x0000148e                vListInsert
 .text.uxListRemove
                0x00001566       0x98 ./list.o
                0x00001566                uxListRemove
 .text.main     0x000015fe       0x3a ./main.o
                0x000015fe                main
 .text.pxPortInitialiseStack
                0x00001638      0x306 ./port.o
                0x00001638                pxPortInitialiseStack
 .text.xPortStartScheduler
                0x0000193e       0x6a ./port.o
                0x0000193e                xPortStartScheduler
 .text.vPortEndScheduler
                0x000019a8        0xe ./port.o
                0x000019a8                vPortEndScheduler
 .text.vPortYield
                0x000019b6       0xb2 ./port.o
                0x000019b6                vPortYield
 .text.vPortYieldFromTick
                0x00001a68       0xba ./port.o
                0x00001a68                vPortYieldFromTick
 .text.prvSetupTimerInterrupt
                0x00001b22       0xb8 ./port.o
 .text.__vector_7
                0x00001bda        0x6 ./port.o
                0x00001bda                __vector_7
 .text.xQueueGenericReset
                0x00001be0      0x10c ./queue.o
                0x00001be0                xQueueGenericReset
 .text.xQueueGenericCreate
                0x00001cec       0xa2 ./queue.o
                0x00001cec                xQueueGenericCreate
 .text.prvInitialiseNewQueue
                0x00001d8e       0x76 ./queue.o
 .text.xQueueGenericSend
                0x00001e04      0x158 ./queue.o
                0x00001e04                xQueueGenericSend
 .text.xQueueGenericSendFromISR
                0x00001f5c       0xb0 ./queue.o
                0x00001f5c                xQueueGenericSendFromISR
 .text.xQueueGiveFromISR
                0x0000200c       0xa2 ./queue.o
                0x0000200c                xQueueGiveFromISR
 .text.xQueueReceive
                0x000020ae      0x156 ./queue.o
                0x000020ae                xQueueReceive
 .text.xQueueSemaphoreTake
                0x00002204      0x144 ./queue.o
                0x00002204                xQueueSemaphoreTake
 .text.xQueuePeek
                0x00002348      0x164 ./queue.o
                0x00002348                xQueuePeek
 .text.xQueueReceiveFromISR
                0x000024ac       0xae ./queue.o
                0x000024ac                xQueueReceiveFromISR
 .text.xQueuePeekFromISR
                0x0000255a       0x72 ./queue.o
                0x0000255a                xQueuePeekFromISR
 .text.uxQueueMessagesWaiting
                0x000025cc       0x30 ./queue.o
                0x000025cc                uxQueueMessagesWaiting
 .text.uxQueueSpacesAvailable
                0x000025fc       0x4a ./queue.o
                0x000025fc                uxQueueSpacesAvailable
 .text.uxQueueMessagesWaitingFromISR
                0x00002646       0x34 ./queue.o
                0x00002646                uxQueueMessagesWaitingFromISR
 .text.vQueueDelete
                0x0000267a       0x2e ./queue.o
                0x0000267a                vQueueDelete
 .text.prvCopyDataToQueue
                0x000026a8      0x14c ./queue.o
 .text.prvCopyDataFromQueue
                0x000027f4       0x8e ./queue.o
 .text.prvUnlockQueue
                0x00002882       0xa6 ./queue.o
 .text.prvIsQueueEmpty
                0x00002928       0x3a ./queue.o
 .text.xQueueIsQueueEmptyFromISR
                0x00002962       0x3e ./queue.o
                0x00002962                xQueueIsQueueEmptyFromISR
 .text.prvIsQueueFull
                0x000029a0       0x40 ./queue.o
 .text.xQueueIsQueueFullFromISR
                0x000029e0       0x44 ./queue.o
                0x000029e0                xQueueIsQueueFullFromISR
 .text.xStreamBufferGenericCreate
                0x00002a24       0x98 ./stream_buffer.o
                0x00002a24                xStreamBufferGenericCreate
 .text.vStreamBufferDelete
                0x00002abc       0x52 ./stream_buffer.o
                0x00002abc                vStreamBufferDelete
 .text.xStreamBufferReset
                0x00002b0e       0x84 ./stream_buffer.o
                0x00002b0e                xStreamBufferReset
 .text.xStreamBufferSetTriggerLevel
                0x00002b92       0x6e ./stream_buffer.o
                0x00002b92                xStreamBufferSetTriggerLevel
 .text.xStreamBufferSpacesAvailable
                0x00002c00       0x8c ./stream_buffer.o
                0x00002c00                xStreamBufferSpacesAvailable
 .text.xStreamBufferBytesAvailable
                0x00002c8c       0x3c ./stream_buffer.o
                0x00002c8c                xStreamBufferBytesAvailable
 .text.xStreamBufferSend
                0x00002cc8      0x190 ./stream_buffer.o
                0x00002cc8                xStreamBufferSend
 .text.xStreamBufferSendFromISR
                0x00002e58       0xfa ./stream_buffer.o
                0x00002e58                xStreamBufferSendFromISR
 .text.prvWriteMessageToBuffer
                0x00002f52       0xe4 ./stream_buffer.o
 .text.xStreamBufferReceive
                0x00003036      0x174 ./stream_buffer.o
                0x00003036                xStreamBufferReceive
 .text.xStreamBufferNextMessageLengthBytes
                0x000031aa       0xa4 ./stream_buffer.o
                0x000031aa                xStreamBufferNextMessageLengthBytes
 .text.xStreamBufferReceiveFromISR
                0x0000324e       0xf0 ./stream_buffer.o
                0x0000324e                xStreamBufferReceiveFromISR
 .text.prvReadMessageFromBuffer
                0x0000333e       0xd8 ./stream_buffer.o
 .text.xStreamBufferIsEmpty
                0x00003416       0x5a ./stream_buffer.o
                0x00003416                xStreamBufferIsEmpty
 .text.xStreamBufferIsFull
                0x00003470       0x70 ./stream_buffer.o
                0x00003470                xStreamBufferIsFull
 .text.xStreamBufferSendCompletedFromISR
                0x000034e0       0x86 ./stream_buffer.o
                0x000034e0                xStreamBufferSendCompletedFromISR
 .text.xStreamBufferReceiveCompletedFromISR
                0x00003566       0x86 ./stream_buffer.o
                0x00003566                xStreamBufferReceiveCompletedFromISR
 .text.prvWriteBytesToBuffer
                0x000035ec      0x11a ./stream_buffer.o
 .text.prvReadBytesFromBuffer
                0x00003706      0x15a ./stream_buffer.o
 .text.prvBytesInBuffer
                0x00003860       0x74 ./stream_buffer.o
 .text.prvInitialiseNewStreamBuffer
                0x000038d4       0x78 ./stream_buffer.o
 .text.xTaskCreate
                0x0000394c       0xf0 ./tasks.o
                0x0000394c                xTaskCreate
 .text.prvInitialiseNewTask
                0x00003a3c      0x178 ./tasks.o
 .text.prvAddNewTaskToReadyList
                0x00003bb4       0xf0 ./tasks.o
 .text.vTaskDelete
                0x00003ca4       0xe4 ./tasks.o
                0x00003ca4                vTaskDelete
 .text.vTaskDelay
                0x00003d88       0x44 ./tasks.o
                0x00003d88                vTaskDelay
 .text.vTaskSuspend
                0x00003dcc       0xe8 ./tasks.o
                0x00003dcc                vTaskSuspend
 .text.prvTaskIsTaskSuspended
                0x00003eb4       0x5e ./tasks.o
 .text.vTaskResume
                0x00003f12       0xc8 ./tasks.o
                0x00003f12                vTaskResume
 .text.xTaskResumeFromISR
                0x00003fda       0xcc ./tasks.o
                0x00003fda                xTaskResumeFromISR
 .text.vTaskStartScheduler
                0x000040a6       0x64 ./tasks.o
                0x000040a6                vTaskStartScheduler
 .text.vTaskEndScheduler
                0x0000410a       0x18 ./tasks.o
                0x0000410a                vTaskEndScheduler
 .text.vTaskSuspendAll
                0x00004122       0x18 ./tasks.o
                0x00004122                vTaskSuspendAll
 .text.xTaskResumeAll
                0x0000413a      0x126 ./tasks.o
                0x0000413a                xTaskResumeAll
 .text.xTaskGetTickCount
                0x00004260       0x2e ./tasks.o
                0x00004260                xTaskGetTickCount
 .text.xTaskGetTickCountFromISR
                0x0000428e       0x2a ./tasks.o
                0x0000428e                xTaskGetTickCountFromISR
 .text.uxTaskGetNumberOfTasks
                0x000042b8       0x12 ./tasks.o
                0x000042b8                uxTaskGetNumberOfTasks
 .text.pcTaskGetName
                0x000042ca       0x50 ./tasks.o
                0x000042ca                pcTaskGetName
 .text.xTaskIncrementTick
                0x0000431a      0x1ca ./tasks.o
                0x0000431a                xTaskIncrementTick
 .text.vTaskSwitchContext
                0x000044e4       0xda ./tasks.o
                0x000044e4                vTaskSwitchContext
 .text.vTaskPlaceOnEventList
                0x000045be       0x44 ./tasks.o
                0x000045be                vTaskPlaceOnEventList
 .text.vTaskPlaceOnUnorderedEventList
                0x00004602       0x60 ./tasks.o
                0x00004602                vTaskPlaceOnUnorderedEventList
 .text.xTaskRemoveFromEventList
                0x00004662       0xd6 ./tasks.o
                0x00004662                xTaskRemoveFromEventList
 .text.vTaskRemoveFromUnorderedEventList
                0x00004738       0xba ./tasks.o
                0x00004738                vTaskRemoveFromUnorderedEventList
 .text.vTaskSetTimeOutState
                0x000047f2       0x3c ./tasks.o
                0x000047f2                vTaskSetTimeOutState
 .text.vTaskInternalSetTimeOutState
                0x0000482e       0x32 ./tasks.o
                0x0000482e                vTaskInternalSetTimeOutState
 .text.xTaskCheckForTimeOut
                0x00004860       0xda ./tasks.o
                0x00004860                xTaskCheckForTimeOut
 .text.vTaskMissedYield
                0x0000493a       0x14 ./tasks.o
                0x0000493a                vTaskMissedYield
 .text.prvIdleTask
                0x0000494e       0x14 ./tasks.o
 .text.prvInitialiseTaskLists
                0x00004962       0x82 ./tasks.o
 .text.prvCheckTasksWaitingTermination
                0x000049e4       0x5e ./tasks.o
 .text.prvDeleteTCB
                0x00004a42       0x2c ./tasks.o
 .text.prvResetNextTaskUnblockTime
                0x00004a6e       0x56 ./tasks.o
 .text.xTaskGetCurrentTaskHandle
                0x00004ac4       0x24 ./tasks.o
                0x00004ac4                xTaskGetCurrentTaskHandle
 .text.uxTaskResetEventItemValue
                0x00004ae8       0x4e ./tasks.o
                0x00004ae8                uxTaskResetEventItemValue
 .text.ulTaskNotifyTake
                0x00004b36       0xee ./tasks.o
                0x00004b36                ulTaskNotifyTake
 .text.xTaskNotifyWait
                0x00004c24      0x138 ./tasks.o
                0x00004c24                xTaskNotifyWait
 .text.xTaskGenericNotify
                0x00004d5c      0x1ba ./tasks.o
                0x00004d5c                xTaskGenericNotify
 .text.xTaskGenericNotifyFromISR
                0x00004f16      0x1f0 ./tasks.o
                0x00004f16                xTaskGenericNotifyFromISR
 .text.vTaskNotifyGiveFromISR
                0x00005106      0x10c ./tasks.o
                0x00005106                vTaskNotifyGiveFromISR
 .text.xTaskNotifyStateClear
                0x00005212       0x74 ./tasks.o
                0x00005212                xTaskNotifyStateClear
 .text.prvAddCurrentTaskToDelayedList
                0x00005286       0xf8 ./tasks.o
 .text.libgcc   0x0000537e        0x0 e:/imt/sdk/imt_sdk_win_64/winavr/bin/../lib/gcc/avr/4.3.3/avr5\libgcc.a(_exit.o)
 .text.libgcc   0x0000537e        0x0 e:/imt/sdk/imt_sdk_win_64/winavr/bin/../lib/gcc/avr/4.3.3/avr5\libgcc.a(_copy_data.o)
 .text.libgcc   0x0000537e        0x0 e:/imt/sdk/imt_sdk_win_64/winavr/bin/../lib/gcc/avr/4.3.3/avr5\libgcc.a(_clear_bss.o)
 .text.avr-libc
                0x0000537e       0x12 e:/imt/sdk/imt_sdk_win_64/winavr/bin/../lib/gcc/avr/4.3.3/../../../../avr/lib/avr5\libc.a(memcpy.o)
                0x0000537e                memcpy
 .text.avr-libc
                0x00005390        0xe e:/imt/sdk/imt_sdk_win_64/winavr/bin/../lib/gcc/avr/4.3.3/../../../../avr/lib/avr5\libc.a(memset.o)
                0x00005390                memset
                0x0000539e                . = ALIGN (0x2)
 *(.fini9)
 .fini9         0x0000539e        0x0 e:/imt/sdk/imt_sdk_win_64/winavr/bin/../lib/gcc/avr/4.3.3/avr5\libgcc.a(_exit.o)
                0x0000539e                exit
                0x0000539e                _exit
 *(.fini9)
 *(.fini8)
 *(.fini8)
 *(.fini7)
 *(.fini7)
 *(.fini6)
 *(.fini6)
 *(.fini5)
 *(.fini5)
 *(.fini4)
 *(.fini4)
 *(.fini3)
 *(.fini3)
 *(.fini2)
 *(.fini2)
 *(.fini1)
 *(.fini1)
 *(.fini0)
 .fini0         0x0000539e        0x4 e:/imt/sdk/imt_sdk_win_64/winavr/bin/../lib/gcc/avr/4.3.3/avr5\libgcc.a(_exit.o)
 *(.fini0)
                0x000053a2                _etext = .

.data           0x00800060       0x60 load address 0x000053a2
                0x00800060                PROVIDE (__data_start, .)
 *(.data)
 .data          0x00800060        0x0 e:/imt/sdk/imt_sdk_win_64/winavr/bin/../lib/gcc/avr/4.3.3/../../../../avr/lib/avr5/crtm32.o
 .data          0x00800060        0x0 ./DIO.o
 .data          0x00800060        0x0 ./PushButton.o
 .data          0x00800060       0x50 ./UserTasks.o
 .data          0x008000b0        0x0 ./croutine.o
 .data          0x008000b0        0x0 ./event_groups.o
 .data          0x008000b0        0x0 ./heap_1.o
 .data          0x008000b0        0x0 ./lcd.o
 .data          0x008000b0        0x0 ./list.o
 .data          0x008000b0        0xa ./main.o
 .data          0x008000ba        0x0 ./port.o
 .data          0x008000ba        0x0 ./queue.o
 .data          0x008000ba        0x0 ./stream_buffer.o
 .data          0x008000ba        0x5 ./tasks.o
 .data          0x008000bf        0x0 ./timers.o
 .data          0x008000bf        0x0 e:/imt/sdk/imt_sdk_win_64/winavr/bin/../lib/gcc/avr/4.3.3/avr5\libgcc.a(_exit.o)
 .data          0x008000bf        0x0 e:/imt/sdk/imt_sdk_win_64/winavr/bin/../lib/gcc/avr/4.3.3/avr5\libgcc.a(_copy_data.o)
 .data          0x008000bf        0x0 e:/imt/sdk/imt_sdk_win_64/winavr/bin/../lib/gcc/avr/4.3.3/avr5\libgcc.a(_clear_bss.o)
 .data          0x008000bf        0x0 e:/imt/sdk/imt_sdk_win_64/winavr/bin/../lib/gcc/avr/4.3.3/../../../../avr/lib/avr5\libc.a(memcpy.o)
 .data          0x008000bf        0x0 e:/imt/sdk/imt_sdk_win_64/winavr/bin/../lib/gcc/avr/4.3.3/../../../../avr/lib/avr5\libc.a(memset.o)
 *(.data*)
 *(.rodata)
 *(.rodata*)
 *(.gnu.linkonce.d*)
                0x008000c0                . = ALIGN (0x2)
 *fill*         0x008000bf        0x1 00
                0x008000c0                _edata = .
                0x008000c0                PROVIDE (__data_end, .)

.bss            0x008000c0      0x657
                0x008000c0                PROVIDE (__bss_start, .)
 *(.bss)
 .bss           0x008000c0        0x0 e:/imt/sdk/imt_sdk_win_64/winavr/bin/../lib/gcc/avr/4.3.3/../../../../avr/lib/avr5/crtm32.o
 .bss           0x008000c0        0x0 ./DIO.o
 .bss           0x008000c0        0x0 ./PushButton.o
 .bss           0x008000c0        0x0 ./UserTasks.o
 .bss           0x008000c0        0x0 ./croutine.o
 .bss           0x008000c0        0x0 ./event_groups.o
 .bss           0x008000c0        0x0 ./heap_1.o
 .bss           0x008000c0        0x0 ./lcd.o
 .bss           0x008000c0        0x0 ./list.o
 .bss           0x008000c0        0x0 ./main.o
 .bss           0x008000c0        0x0 ./port.o
 .bss           0x008000c0        0x0 ./queue.o
 .bss           0x008000c0        0x0 ./stream_buffer.o
 .bss           0x008000c0        0x0 ./tasks.o
 .bss           0x008000c0        0x0 ./timers.o
 .bss           0x008000c0        0x0 e:/imt/sdk/imt_sdk_win_64/winavr/bin/../lib/gcc/avr/4.3.3/avr5\libgcc.a(_exit.o)
 .bss           0x008000c0        0x0 e:/imt/sdk/imt_sdk_win_64/winavr/bin/../lib/gcc/avr/4.3.3/avr5\libgcc.a(_copy_data.o)
 .bss           0x008000c0        0x0 e:/imt/sdk/imt_sdk_win_64/winavr/bin/../lib/gcc/avr/4.3.3/avr5\libgcc.a(_clear_bss.o)
 .bss           0x008000c0        0x0 e:/imt/sdk/imt_sdk_win_64/winavr/bin/../lib/gcc/avr/4.3.3/../../../../avr/lib/avr5\libc.a(memcpy.o)
 .bss           0x008000c0        0x0 e:/imt/sdk/imt_sdk_win_64/winavr/bin/../lib/gcc/avr/4.3.3/../../../../avr/lib/avr5\libc.a(memset.o)
 *(.bss*)
 .bss.AllHardwareInit_Flag
                0x008000c0        0x2 ./UserTasks.o
 .bss.InitTask_Flag
                0x008000c2        0x2 ./UserTasks.o
                0x008000c2                InitTask_Flag
 .bss.MessageQueue_PushButton
                0x008000c4        0x2 ./UserTasks.o
 .bss.MessageQueue_Hello
                0x008000c6        0x2 ./UserTasks.o
 .bss.xNextFreeByte
                0x008000c8        0x2 ./heap_1.o
 .bss.pucAlignedHeap.1645
                0x008000ca        0x2 ./heap_1.o
 .bss.ucHeap    0x008000cc      0x5dc ./heap_1.o
 .bss.pxCurrentTCB
                0x008006a8        0x2 ./tasks.o
                0x008006a8                pxCurrentTCB
 .bss.uxDeletedTasksWaitingCleanUp
                0x008006aa        0x1 ./tasks.o
 .bss.uxCurrentNumberOfTasks
                0x008006ab        0x1 ./tasks.o
 .bss.xTickCount
                0x008006ac        0x2 ./tasks.o
 .bss.uxTopReadyPriority
                0x008006ae        0x1 ./tasks.o
 .bss.xSchedulerRunning
                0x008006af        0x1 ./tasks.o
 .bss.uxPendedTicks
                0x008006b0        0x1 ./tasks.o
 .bss.xYieldPending
                0x008006b1        0x1 ./tasks.o
 .bss.xNumOfOverflows
                0x008006b2        0x1 ./tasks.o
 .bss.uxTaskNumber
                0x008006b3        0x1 ./tasks.o
 .bss.xNextTaskUnblockTime
                0x008006b4        0x2 ./tasks.o
 .bss.xIdleTaskHandle
                0x008006b6        0x2 ./tasks.o
 .bss.uxSchedulerSuspended
                0x008006b8        0x1 ./tasks.o
 .bss.pxReadyTasksLists
                0x008006b9       0x2d ./tasks.o
 .bss.xDelayedTaskList1
                0x008006e6        0x9 ./tasks.o
 .bss.xDelayedTaskList2
                0x008006ef        0x9 ./tasks.o
 .bss.pxDelayedTaskList
                0x008006f8        0x2 ./tasks.o
 .bss.pxOverflowDelayedTaskList
                0x008006fa        0x2 ./tasks.o
 .bss.xPendingReadyList
                0x008006fc        0x9 ./tasks.o
 .bss.xTasksWaitingTermination
                0x00800705        0x9 ./tasks.o
 .bss.xSuspendedTaskList
                0x0080070e        0x9 ./tasks.o
 *(COMMON)
                0x00800717                PROVIDE (__bss_end, .)
                0x000053a2                __data_load_start = LOADADDR (.data)
                0x00005402                __data_load_end = (__data_load_start + SIZEOF (.data))

.noinit         0x00800717        0x0
                0x00800717                PROVIDE (__noinit_start, .)
 *(.noinit*)
                0x00800717                PROVIDE (__noinit_end, .)
                0x00800717                _end = .
                0x00800717                PROVIDE (__heap_start, .)

.eeprom         0x00810000        0x0
 *(.eeprom*)
                0x00810000                __eeprom_end = .

.fuse
 *(.fuse)
 *(.lfuse)
 *(.hfuse)
 *(.efuse)

.lock
 *(.lock*)

.signature
 *(.signature*)

.stab           0x00000000     0x8cc4
 *(.stab)
 .stab          0x00000000      0x474 ./DIO.o
 .stab          0x00000474      0x1e0 ./PushButton.o
                                0x294 (size before relaxing)
 .stab          0x00000654      0xb1c ./UserTasks.o
                                0xbb8 (size before relaxing)
 .stab          0x00001170      0x1bc ./croutine.o
                                0x630 (size before relaxing)
 .stab          0x0000132c      0xde0 ./event_groups.o
                               0x111c (size before relaxing)
 .stab          0x0000210c      0x30c ./heap_1.o
                                0x7bc (size before relaxing)
 .stab          0x00002418      0x534 ./lcd.o
                                0x750 (size before relaxing)
 .stab          0x0000294c      0x474 ./list.o
                                0x858 (size before relaxing)
 .stab          0x00002dc0      0x1c8 ./main.o
                                0x6d8 (size before relaxing)
 .stab          0x00002f88      0x840 ./port.o
                                0xce4 (size before relaxing)
 .stab          0x000037c8     0x1a58 ./queue.o
                               0x1f38 (size before relaxing)
 .stab          0x00005220     0x1608 ./stream_buffer.o
                               0x1a4c (size before relaxing)
 .stab          0x00006828     0x22f8 ./tasks.o
                               0x27d8 (size before relaxing)
 .stab          0x00008b20      0x1a4 ./timers.o
                                0x6b4 (size before relaxing)

.stabstr        0x00000000     0x491e
 *(.stabstr)
 .stabstr       0x00000000     0x491e ./DIO.o

.stab.excl
 *(.stab.excl)

.stab.exclstr
 *(.stab.exclstr)

.stab.index
 *(.stab.index)

.stab.indexstr
 *(.stab.indexstr)

.comment
 *(.comment)

.debug
 *(.debug)

.line
 *(.line)

.debug_srcinfo
 *(.debug_srcinfo)

.debug_sfnames
 *(.debug_sfnames)

.debug_aranges
 *(.debug_aranges)

.debug_pubnames
 *(.debug_pubnames)

.debug_info
 *(.debug_info)
 *(.gnu.linkonce.wi.*)

.debug_abbrev
 *(.debug_abbrev)

.debug_line
 *(.debug_line)

.debug_frame
 *(.debug_frame)

.debug_str
 *(.debug_str)

.debug_loc
 *(.debug_loc)

.debug_macinfo
 *(.debug_macinfo)
OUTPUT(FreeRTOS_SprintsChallenges_Sprint2_UserStory1.elf elf32-avr)
LOAD linker stubs
